Archive member included to satisfy reference by file (symbol)

/usr/lib/gcc/arm-none-eabi/9.2.1/../../../arm-none-eabi/lib/thumb/v7-m/nofp/libc.a(lib_a-atexit.o)
                              /usr/lib/gcc/arm-none-eabi/9.2.1/../../../arm-none-eabi/lib/thumb/v7-m/nofp/crt0.o (atexit)
/usr/lib/gcc/arm-none-eabi/9.2.1/../../../arm-none-eabi/lib/thumb/v7-m/nofp/libc.a(lib_a-exit.o)
                              /usr/lib/gcc/arm-none-eabi/9.2.1/../../../arm-none-eabi/lib/thumb/v7-m/nofp/crt0.o (exit)
/usr/lib/gcc/arm-none-eabi/9.2.1/../../../arm-none-eabi/lib/thumb/v7-m/nofp/libc.a(lib_a-fini.o)
                              /usr/lib/gcc/arm-none-eabi/9.2.1/../../../arm-none-eabi/lib/thumb/v7-m/nofp/crt0.o (__libc_fini_array)
/usr/lib/gcc/arm-none-eabi/9.2.1/../../../arm-none-eabi/lib/thumb/v7-m/nofp/libc.a(lib_a-impure.o)
                              /usr/lib/gcc/arm-none-eabi/9.2.1/../../../arm-none-eabi/lib/thumb/v7-m/nofp/libc.a(lib_a-exit.o) (_global_impure_ptr)
/usr/lib/gcc/arm-none-eabi/9.2.1/../../../arm-none-eabi/lib/thumb/v7-m/nofp/libc.a(lib_a-init.o)
                              /usr/lib/gcc/arm-none-eabi/9.2.1/../../../arm-none-eabi/lib/thumb/v7-m/nofp/crt0.o (__libc_init_array)
/usr/lib/gcc/arm-none-eabi/9.2.1/../../../arm-none-eabi/lib/thumb/v7-m/nofp/libc.a(lib_a-malloc.o)
                              build/periodica.o (malloc)
/usr/lib/gcc/arm-none-eabi/9.2.1/../../../arm-none-eabi/lib/thumb/v7-m/nofp/libc.a(lib_a-mallocr.o)
                              /usr/lib/gcc/arm-none-eabi/9.2.1/../../../arm-none-eabi/lib/thumb/v7-m/nofp/libc.a(lib_a-malloc.o) (_malloc_r)
/usr/lib/gcc/arm-none-eabi/9.2.1/../../../arm-none-eabi/lib/thumb/v7-m/nofp/libc.a(lib_a-memset.o)
                              /usr/lib/gcc/arm-none-eabi/9.2.1/../../../arm-none-eabi/lib/thumb/v7-m/nofp/crt0.o (memset)
/usr/lib/gcc/arm-none-eabi/9.2.1/../../../arm-none-eabi/lib/thumb/v7-m/nofp/libc.a(lib_a-mlock.o)
                              /usr/lib/gcc/arm-none-eabi/9.2.1/../../../arm-none-eabi/lib/thumb/v7-m/nofp/libc.a(lib_a-mallocr.o) (__malloc_lock)
/usr/lib/gcc/arm-none-eabi/9.2.1/../../../arm-none-eabi/lib/thumb/v7-m/nofp/libc.a(lib_a-puts.o)
                              build/main.o (puts)
/usr/lib/gcc/arm-none-eabi/9.2.1/../../../arm-none-eabi/lib/thumb/v7-m/nofp/libc.a(lib_a-sbrkr.o)
                              /usr/lib/gcc/arm-none-eabi/9.2.1/../../../arm-none-eabi/lib/thumb/v7-m/nofp/libc.a(lib_a-mallocr.o) (_sbrk_r)
/usr/lib/gcc/arm-none-eabi/9.2.1/../../../arm-none-eabi/lib/thumb/v7-m/nofp/libc.a(lib_a-strcmp.o)
                              build/periodica.o (strcmp)
/usr/lib/gcc/arm-none-eabi/9.2.1/../../../arm-none-eabi/lib/thumb/v7-m/nofp/libc.a(lib_a-strcpy.o)
                              build/periodica.o (strcpy)
/usr/lib/gcc/arm-none-eabi/9.2.1/../../../arm-none-eabi/lib/thumb/v7-m/nofp/libc.a(lib_a-strlen-stub.o)
                              /usr/lib/gcc/arm-none-eabi/9.2.1/../../../arm-none-eabi/lib/thumb/v7-m/nofp/libc.a(lib_a-puts.o) (strlen)
/usr/lib/gcc/arm-none-eabi/9.2.1/../../../arm-none-eabi/lib/thumb/v7-m/nofp/libc.a(lib_a-__atexit.o)
                              /usr/lib/gcc/arm-none-eabi/9.2.1/../../../arm-none-eabi/lib/thumb/v7-m/nofp/libc.a(lib_a-atexit.o) (__register_exitproc)
/usr/lib/gcc/arm-none-eabi/9.2.1/../../../arm-none-eabi/lib/thumb/v7-m/nofp/libc.a(lib_a-__call_atexit.o)
                              /usr/lib/gcc/arm-none-eabi/9.2.1/../../../arm-none-eabi/lib/thumb/v7-m/nofp/libc.a(lib_a-exit.o) (__call_exitprocs)
/usr/lib/gcc/arm-none-eabi/9.2.1/../../../arm-none-eabi/lib/thumb/v7-m/nofp/libc.a(lib_a-findfp.o)
                              /usr/lib/gcc/arm-none-eabi/9.2.1/../../../arm-none-eabi/lib/thumb/v7-m/nofp/libc.a(lib_a-puts.o) (__sinit)
/usr/lib/gcc/arm-none-eabi/9.2.1/../../../arm-none-eabi/lib/thumb/v7-m/nofp/libc.a(lib_a-freer.o)
                              /usr/lib/gcc/arm-none-eabi/9.2.1/../../../arm-none-eabi/lib/thumb/v7-m/nofp/libc.a(lib_a-malloc.o) (_free_r)
/usr/lib/gcc/arm-none-eabi/9.2.1/../../../arm-none-eabi/lib/thumb/v7-m/nofp/libc.a(lib_a-fvwrite.o)
                              /usr/lib/gcc/arm-none-eabi/9.2.1/../../../arm-none-eabi/lib/thumb/v7-m/nofp/libc.a(lib_a-puts.o) (__sfvwrite_r)
/usr/lib/gcc/arm-none-eabi/9.2.1/../../../arm-none-eabi/lib/thumb/v7-m/nofp/libc.a(lib_a-fwalk.o)
                              /usr/lib/gcc/arm-none-eabi/9.2.1/../../../arm-none-eabi/lib/thumb/v7-m/nofp/libc.a(lib_a-findfp.o) (_fwalk)
/usr/lib/gcc/arm-none-eabi/9.2.1/../../../arm-none-eabi/lib/thumb/v7-m/nofp/libc.a(lib_a-memchr-stub.o)
                              /usr/lib/gcc/arm-none-eabi/9.2.1/../../../arm-none-eabi/lib/thumb/v7-m/nofp/libc.a(lib_a-fvwrite.o) (memchr)
/usr/lib/gcc/arm-none-eabi/9.2.1/../../../arm-none-eabi/lib/thumb/v7-m/nofp/libc.a(lib_a-memcpy.o)
                              /usr/lib/gcc/arm-none-eabi/9.2.1/../../../arm-none-eabi/lib/thumb/v7-m/nofp/libc.a(lib_a-fvwrite.o) (memcpy)
[...]
Memory Configuration

Name             Origin             Length             Attributes
FLASH            0x0000000000000000 0x0000000000080000 xr
RAM              0x00000000100000c8 0x0000000000007f38 xrw
USB_RAM          0x000000002007c000 0x0000000000004000 xrw
ETH_RAM          0x0000000020080000 0x0000000000004000 xrw
*default*        0x0000000000000000 0xffffffffffffffff

Linker script and memory map

LOAD /usr/lib/gcc/arm-none-eabi/9.2.1/thumb/v7-m/nofp/crti.o
LOAD /usr/lib/gcc/arm-none-eabi/9.2.1/thumb/v7-m/nofp/crtbegin.o
LOAD /usr/lib/gcc/arm-none-eabi/9.2.1/../../../arm-none-eabi/lib/thumb/v7-m/nofp/crt0.o
LOAD build/digital.o
LOAD build/spi.o
LOAD build/mcp23s17.o
LOAD build/system_LPC17xx.o
LOAD build/startup_LPC17xx.o
LOAD build/main.o
LOAD build/periodica.o
LOAD build/timer.o
LOAD build/delay.o
LOAD build/seg.o
LOAD /usr/lib/gcc/arm-none-eabi/9.2.1/../../../arm-none-eabi/lib/thumb/v7-m/nofp/libc.a
LOAD /usr/lib/gcc/arm-none-eabi/9.2.1/thumb/v7-m/nofp/libgcc.a
LOAD /usr/lib/gcc/arm-none-eabi/9.2.1/../../../arm-none-eabi/lib/thumb/v7-m/nofp/libnosys.a
LOAD /usr/lib/gcc/arm-none-eabi/9.2.1/../../../arm-none-eabi/lib/thumb/v7-m/nofp/libc.a
LOAD /usr/lib/gcc/arm-none-eabi/9.2.1/thumb/v7-m/nofp/libgcc.a
LOAD /usr/lib/gcc/arm-none-eabi/9.2.1/../../../arm-none-eabi/lib/thumb/v7-m/nofp/libnosys.a
START GROUP
LOAD /usr/lib/gcc/arm-none-eabi/9.2.1/thumb/v7-m/nofp/libgcc.a
LOAD /usr/lib/gcc/arm-none-eabi/9.2.1/../../../arm-none-eabi/lib/thumb/v7-m/nofp/libc.a
END GROUP
LOAD /usr/lib/gcc/arm-none-eabi/9.2.1/thumb/v7-m/nofp/crtend.o
LOAD /usr/lib/gcc/arm-none-eabi/9.2.1/thumb/v7-m/nofp/crtn.o

.text           0x0000000000000000     0x261c
 *(.isr_vector)
 .isr_vector    0x0000000000000000       0xc4 build/startup_LPC17xx.o
                0x0000000000000000                g_pfnVectors
 *(.text*)
 .text          0x00000000000000c4       0x88 /usr/lib/gcc/arm-none-eabi/9.2.1/thumb/v7-m/nofp/crtbegin.o
 .text.pinMode  0x000000000000014c       0x78 build/digital.o
                0x000000000000014c                pinMode
 .text.digitalWrite
                0x00000000000001c4       0x5c build/digital.o
                0x00000000000001c4                digitalWrite
 .text.digitalRead
                0x0000000000000220       0x40 build/digital.o
                0x0000000000000220                digitalRead
 .text.spi_init
                0x0000000000000260       0x60 build/spi.o
                0x0000000000000260                spi_init
 .text.spi_habilita
                0x00000000000002c0       0x24 build/spi.o
                0x00000000000002c0                spi_habilita
 .text.spi_desabilita
                0x00000000000002e4       0x24 build/spi.o
                0x00000000000002e4                spi_desabilita
 .text.spi_write
                0x0000000000000308       0xa8 build/spi.o
                0x0000000000000308                spi_write
 .text.mcp23S17_init
                0x00000000000003b0       0xc4 build/mcp23s17.o
                0x00000000000003b0                mcp23S17_init
 .text.writeAll
                0x0000000000000474       0x60 build/mcp23s17.o
                0x0000000000000474                writeAll
 .text.escreve_no_registrador
                0x00000000000004d4       0x54 build/mcp23s17.o
                0x00000000000004d4                escreve_no_registrador
 .text.le_registrador
                0x0000000000000528       0x58 build/mcp23s17.o
                0x0000000000000528                le_registrador
 .text.mcp23S17_configura_pino
                0x0000000000000580       0xc4 build/mcp23s17.o
                0x0000000000000580                mcp23S17_configura_pino
 .text.mcp23S17_escreve_pino
                0x0000000000000644      0x110 build/mcp23s17.o
                0x0000000000000644                mcp23S17_escreve_pino
 .text.mcp23S17_le_pino
                0x0000000000000754       0xa0 build/mcp23s17.o
                0x0000000000000754                mcp23S17_le_pino
 .text.Reset_Handler
                0x00000000000007f4       0x70 build/startup_LPC17xx.o
                0x00000000000007f4                Reset_Handler
 .text.Default_Handler
                0x0000000000000864        0x6 build/startup_LPC17xx.o
                0x0000000000000864                TIMER2_IRQHandler
                0x0000000000000864                DebugMon_Handler
                0x0000000000000864                I2C0_IRQHandler
                0x0000000000000864                PWM1_IRQHandler
                0x0000000000000864                PendSV_Handler
                0x0000000000000864                I2C1_IRQHandler
                0x0000000000000864                EINT2_IRQHandler
                0x0000000000000864                UART1_IRQHandler
                0x0000000000000864                EINT3_IRQHandler
                0x0000000000000864                TIMER3_IRQHandler
                0x0000000000000864                UART0_IRQHandler
                0x0000000000000864                UsageFault_Handler
                0x0000000000000864                PLL0_IRQHandler
                0x0000000000000864                CAN_IRQHandler
                0x0000000000000864                PLL1_IRQHandler
                0x0000000000000864                SSP0_IRQHandler
                0x0000000000000864                I2S_IRQHandler
                0x0000000000000864                I2C2_IRQHandler
                0x0000000000000864                RTC_IRQHandler
                0x0000000000000864                TIMER0_IRQHandler
                0x0000000000000864                SPI_IRQHandler
                0x0000000000000864                EINT1_IRQHandler
                0x0000000000000864                TIMER1_IRQHandler
                0x0000000000000864                UART2_IRQHandler
                0x0000000000000864                Default_Handler
                0x0000000000000864                ADC_IRQHandler
                0x0000000000000864                SSP1_IRQHandler
                0x0000000000000864                USB_IRQHandler
                0x0000000000000864                BOD_IRQHandler
                0x0000000000000864                MemManage_Handler
                0x0000000000000864                WDT_IRQHandler
                0x0000000000000864                SVC_Handler
                0x0000000000000864                QEI_IRQHandler
                0x0000000000000864                EINT0_IRQHandler
                0x0000000000000864                DMA_IRQHandler
                0x0000000000000864                BusFault_Handler
                0x0000000000000864                UART3_IRQHandler
                0x0000000000000864                MCPWM_IRQHandler
                0x0000000000000864                ENET_IRQHandler
 *fill*         0x000000000000086a        0x2 
 .text.main     0x000000000000086c       0x84 build/main.o
                0x000000000000086c                main
 .text.RIT_IRQHandler
                0x00000000000008f0       0x30 build/timer.o
                0x00000000000008f0                RIT_IRQHandler
 .text.NVIC_SetPriority
                0x0000000000000920       0x54 build/delay.o
 .text.SysTick_Config
                0x0000000000000974       0x44 build/delay.o
 .text.SysTick_Handler
                0x00000000000009b8       0x24 build/delay.o
                0x00000000000009b8                SysTick_Handler
 .text.yes_timer
                0x00000000000009dc       0x28 build/delay.o
                0x00000000000009dc                yes_timer
 .text.no_timer
                0x0000000000000a04       0x1c build/delay.o
                0x0000000000000a04                no_timer
 .text.delay_ms
                0x0000000000000a20       0x48 build/delay.o
                0x0000000000000a20                delay_ms
 .text          0x0000000000000a68        0xc /usr/lib/gcc/arm-none-eabi/9.2.1/../../../arm-none-eabi/lib/thumb/v7-m/nofp/libc.a(lib_a-atexit.o)
                0x0000000000000a68                atexit
 .text          0x0000000000000a74       0x34 /usr/lib/gcc/arm-none-eabi/9.2.1/../../../arm-none-eabi/lib/thumb/v7-m/nofp/libc.a(lib_a-fini.o)
                0x0000000000000a74                __libc_fini_array
 .text          0x0000000000000aa8      0x548 /usr/lib/gcc/arm-none-eabi/9.2.1/../../../arm-none-eabi/lib/thumb/v7-m/nofp/libc.a(lib_a-mallocr.o)
                0x0000000000000aa8                _malloc_r
 .text          0x0000000000000ff0       0xa0 /usr/lib/gcc/arm-none-eabi/9.2.1/../../../arm-none-eabi/lib/thumb/v7-m/nofp/libc.a(lib_a-memset.o)
                0x0000000000000ff0                memset
 .text          0x0000000000001090        0x8 /usr/lib/gcc/arm-none-eabi/9.2.1/../../../arm-none-eabi/lib/thumb/v7-m/nofp/libc.a(lib_a-mlock.o)
                0x0000000000001090                __malloc_lock
                0x0000000000001094                __malloc_unlock
 .text          0x0000000000001098       0x78 /usr/lib/gcc/arm-none-eabi/9.2.1/../../../arm-none-eabi/lib/thumb/v7-m/nofp/libc.a(lib_a-puts.o)
                0x0000000000001098                _puts_r
                0x0000000000001100                puts
 .text          0x0000000000001110       0x24 /usr/lib/gcc/arm-none-eabi/9.2.1/../../../arm-none-eabi/lib/thumb/v7-m/nofp/libc.a(lib_a-sbrkr.o)
                0x0000000000001110                _sbrk_r
 .text          0x0000000000001134       0x5c /usr/lib/gcc/arm-none-eabi/9.2.1/../../../arm-none-eabi/lib/thumb/v7-m/nofp/libc.a(lib_a-strlen-stub.o)
                0x0000000000001134                strlen
 .text          0x0000000000001190       0x64 /usr/lib/gcc/arm-none-eabi/9.2.1/../../../arm-none-eabi/lib/thumb/v7-m/nofp/libc.a(lib_a-__atexit.o)
                0x0000000000001190                __register_exitproc
 .text.startup  0x00000000000011f4       0x14 /usr/lib/gcc/arm-none-eabi/9.2.1/../../../arm-none-eabi/lib/thumb/v7-m/nofp/libc.a(lib_a-__call_atexit.o)
 .text          0x0000000000001208      0x1f4 /usr/lib/gcc/arm-none-eabi/9.2.1/../../../arm-none-eabi/lib/thumb/v7-m/nofp/libc.a(lib_a-findfp.o)
                0x000000000000120c                _cleanup_r
                0x00000000000012f0                __sfmoreglue
                0x0000000000001320                __sfp
                0x00000000000013a8                _cleanup
                0x00000000000013bc                __sinit
                0x00000000000013c4                __sfp_lock_acquire
                0x00000000000013c8                __sfp_lock_release
                0x00000000000013cc                __sinit_lock_acquire
                0x00000000000013d0                __sinit_lock_release
                0x00000000000013d4                __fp_lock_all
                0x00000000000013e8                __fp_unlock_all
 .text          0x00000000000013fc      0x294 /usr/lib/gcc/arm-none-eabi/9.2.1/../../../arm-none-eabi/lib/thumb/v7-m/nofp/libc.a(lib_a-freer.o)
                0x00000000000013fc                _malloc_trim_r
                0x000000000000149c                _free_r
 .text          0x0000000000001690      0x300 /usr/lib/gcc/arm-none-eabi/9.2.1/../../../arm-none-eabi/lib/thumb/v7-m/nofp/libc.a(lib_a-fvwrite.o)
                0x0000000000001690                __sfvwrite_r
 .text          0x0000000000001990       0x98 /usr/lib/gcc/arm-none-eabi/9.2.1/../../../arm-none-eabi/lib/thumb/v7-m/nofp/libc.a(lib_a-fwalk.o)
                0x0000000000001990                _fwalk
                0x00000000000019d8                _fwalk_reent
 .text          0x0000000000001a28       0x8c /usr/lib/gcc/arm-none-eabi/9.2.1/../../../arm-none-eabi/lib/thumb/v7-m/nofp/libc.a(lib_a-memchr-stub.o)
                0x0000000000001a28                memchr
 .text          0x0000000000001ab4       0xec /usr/lib/gcc/arm-none-eabi/9.2.1/../../../arm-none-eabi/lib/thumb/v7-m/nofp/libc.a(lib_a-memcpy.o)
                0x0000000000001ab4                memcpy
 .text          0x0000000000001ba0       0xcc /usr/lib/gcc/arm-none-eabi/9.2.1/../../../arm-none-eabi/lib/thumb/v7-m/nofp/libc.a(lib_a-memmove.o)
                0x0000000000001ba0                memmove
 .text          0x0000000000001c6c      0x37c /usr/lib/gcc/arm-none-eabi/9.2.1/../../../arm-none-eabi/lib/thumb/v7-m/nofp/libc.a(lib_a-reallocr.o)
                0x0000000000001c6c                _realloc_r
 .text          0x0000000000001fe8       0x90 /usr/lib/gcc/arm-none-eabi/9.2.1/../../../arm-none-eabi/lib/thumb/v7-m/nofp/libc.a(lib_a-stdio.o)
                0x0000000000001fe8                __sread
                0x000000000000200c                __seofread
                0x0000000000002010                __swrite
                0x0000000000002050                __sseek
                0x0000000000002070                __sclose
 .text          0x0000000000002078       0x2c /usr/lib/gcc/arm-none-eabi/9.2.1/../../../arm-none-eabi/lib/thumb/v7-m/nofp/libc.a(lib_a-writer.o)
                0x0000000000002078                _write_r
 .text          0x00000000000020a4       0xcc /usr/lib/gcc/arm-none-eabi/9.2.1/../../../arm-none-eabi/lib/thumb/v7-m/nofp/libc.a(lib_a-wsetup.o)
                0x00000000000020a4                __swsetup_r
 .text          0x0000000000002170       0x24 /usr/lib/gcc/arm-none-eabi/9.2.1/../../../arm-none-eabi/lib/thumb/v7-m/nofp/libc.a(lib_a-closer.o)
                0x0000000000002170                _close_r
 .text          0x0000000000002194       0x98 /usr/lib/gcc/arm-none-eabi/9.2.1/../../../arm-none-eabi/lib/thumb/v7-m/nofp/libc.a(lib_a-fclose.o)
                0x0000000000002194                _fclose_r
                0x000000000000221c                fclose
 .text          0x000000000000222c      0x19c /usr/lib/gcc/arm-none-eabi/9.2.1/../../../arm-none-eabi/lib/thumb/v7-m/nofp/libc.a(lib_a-fflush.o)
                0x000000000000222c                __sflush_r
                0x0000000000002370                _fflush_r
                0x00000000000023a4                fflush
 .text          0x00000000000023c8       0x2c /usr/lib/gcc/arm-none-eabi/9.2.1/../../../arm-none-eabi/lib/thumb/v7-m/nofp/libc.a(lib_a-lseekr.o)
                0x00000000000023c8                _lseek_r
 .text          0x00000000000023f4       0xf0 /usr/lib/gcc/arm-none-eabi/9.2.1/../../../arm-none-eabi/lib/thumb/v7-m/nofp/libc.a(lib_a-makebuf.o)
                0x00000000000023f4                __swhatbuf_r
                0x0000000000002450                __smakebuf_r
 .text          0x00000000000024e4       0x2c /usr/lib/gcc/arm-none-eabi/9.2.1/../../../arm-none-eabi/lib/thumb/v7-m/nofp/libc.a(lib_a-readr.o)
                0x00000000000024e4                _read_r
 .text          0x0000000000002510       0x28 /usr/lib/gcc/arm-none-eabi/9.2.1/../../../arm-none-eabi/lib/thumb/v7-m/nofp/libc.a(lib_a-fstatr.o)
                0x0000000000002510                _fstat_r
 .text          0x0000000000002538       0x24 /usr/lib/gcc/arm-none-eabi/9.2.1/../../../arm-none-eabi/lib/thumb/v7-m/nofp/libc.a(lib_a-isattyr.o)
                0x0000000000002538                _isatty_r
 .text          0x000000000000255c       0x10 /usr/lib/gcc/arm-none-eabi/9.2.1/../../../arm-none-eabi/lib/thumb/v7-m/nofp/libnosys.a(close.o)
                0x000000000000255c                _close
 .text          0x000000000000256c       0x10 /usr/lib/gcc/arm-none-eabi/9.2.1/../../../arm-none-eabi/lib/thumb/v7-m/nofp/libnosys.a(fstat.o)
                0x000000000000256c                _fstat
 .text          0x000000000000257c       0x10 /usr/lib/gcc/arm-none-eabi/9.2.1/../../../arm-none-eabi/lib/thumb/v7-m/nofp/libnosys.a(isatty.o)
                0x000000000000257c                _isatty
 .text          0x000000000000258c       0x10 /usr/lib/gcc/arm-none-eabi/9.2.1/../../../arm-none-eabi/lib/thumb/v7-m/nofp/libnosys.a(lseek.o)
                0x000000000000258c                _lseek
 .text          0x000000000000259c       0x10 /usr/lib/gcc/arm-none-eabi/9.2.1/../../../arm-none-eabi/lib/thumb/v7-m/nofp/libnosys.a(read.o)
                0x000000000000259c                _read
 .text          0x00000000000025ac       0x1c /usr/lib/gcc/arm-none-eabi/9.2.1/../../../arm-none-eabi/lib/thumb/v7-m/nofp/libnosys.a(sbrk.o)
                0x00000000000025ac                _sbrk
 .text          0x00000000000025c8       0x10 /usr/lib/gcc/arm-none-eabi/9.2.1/../../../arm-none-eabi/lib/thumb/v7-m/nofp/libnosys.a(write.o)
                0x00000000000025c8                _write
 *(.init)
 .init          0x00000000000025d8        0x4 /usr/lib/gcc/arm-none-eabi/9.2.1/thumb/v7-m/nofp/crti.o
                0x00000000000025d8                _init
 .init          0x00000000000025dc        0x8 /usr/lib/gcc/arm-none-eabi/9.2.1/thumb/v7-m/nofp/crtn.o
 *(.fini)
 .fini          0x00000000000025e4        0x4 /usr/lib/gcc/arm-none-eabi/9.2.1/thumb/v7-m/nofp/crti.o
                0x00000000000025e4                _fini
 .fini          0x00000000000025e8        0x8 /usr/lib/gcc/arm-none-eabi/9.2.1/thumb/v7-m/nofp/crtn.o
 *crtbegin.o(.ctors)
 *crtbegin?.o(.ctors)
 *(EXCLUDE_FILE(*crtend.o *crtend?.o) .ctors)
 *(SORT_BY_NAME(.ctors.*))
 *(.ctors)
 *crtbegin.o(.dtors)
 *crtbegin?.o(.dtors)
 *(EXCLUDE_FILE(*crtend.o *crtend?.o) .dtors)
 *(SORT_BY_NAME(.dtors.*))
 *(.dtors)
 *(.rodata*)
 .rodata        0x00000000000025f0       0x1d build/main.o
 *fill*         0x000000000000260d        0x3 
 .rodata        0x0000000000002610        0x4 /usr/lib/gcc/arm-none-eabi/9.2.1/../../../arm-none-eabi/lib/thumb/v7-m/nofp/libc.a(lib_a-impure.o)
                0x0000000000002610                _global_impure_ptr
 .rodata.str1.4
                0x0000000000002614        0x2 /usr/lib/gcc/arm-none-eabi/9.2.1/../../../arm-none-eabi/lib/thumb/v7-m/nofp/libc.a(lib_a-puts.o)
 *(.eh_frame*)
 *fill*         0x0000000000002616        0x2 
 .eh_frame      0x0000000000002618        0x0 /usr/lib/gcc/arm-none-eabi/9.2.1/thumb/v7-m/nofp/crtbegin.o
 .eh_frame      0x0000000000002618        0x4 /usr/lib/gcc/arm-none-eabi/9.2.1/thumb/v7-m/nofp/crtend.o

.glue_7         0x000000000000261c        0x0
 .glue_7        0x000000000000261c        0x0 linker stubs

.glue_7t        0x000000000000261c        0x0
 .glue_7t       0x000000000000261c        0x0 linker stubs

.vfp11_veneer   0x000000000000261c        0x0
 .vfp11_veneer  0x000000000000261c        0x0 linker stubs

.v4_bx          0x000000000000261c        0x0
 .v4_bx         0x000000000000261c        0x0 linker stubs

.iplt           0x000000000000261c        0x0
 .iplt          0x000000000000261c        0x0 /usr/lib/gcc/arm-none-eabi/9.2.1/thumb/v7-m/nofp/crtbegin.o

.rel.dyn        0x000000000000261c        0x0
 .rel.iplt      0x000000000000261c        0x0 /usr/lib/gcc/arm-none-eabi/9.2.1/thumb/v7-m/nofp/crtbegin.o

.ARM.extab
 *(.ARM.extab* .gnu.linkonce.armextab.*)
                0x000000000000261c                __exidx_start = .

.ARM.exidx
 *(.ARM.exidx* .gnu.linkonce.armexidx.*)
                0x000000000000261c                __exidx_end = .
                0x000000000000261c                __etext = .
                0x000000000000261c                __sidata = __etext

.data           0x00000000100000c8      0x86c load address 0x000000000000261c
                0x00000000100000c8                __data_start__ = .
 *(vtable)
 *(.data*)
 .data.vet      0x00000000100000c8       0x14 build/digital.o
                0x00000000100000c8                vet
 .data.SystemCoreClock
                0x00000000100000dc        0x4 build/system_LPC17xx.o
                0x00000000100000dc                SystemCoreClock
 .data.MCP_P_15
                0x00000000100000e0        0x4 build/main.o
                0x00000000100000e0                MCP_P_15
 *fill*         0x00000000100000e4        0x4 
 .data          0x00000000100000e8      0x430 /usr/lib/gcc/arm-none-eabi/9.2.1/../../../arm-none-eabi/lib/thumb/v7-m/nofp/libc.a(lib_a-impure.o)
                0x00000000100000e8                _impure_ptr
 .data          0x0000000010000518      0x410 /usr/lib/gcc/arm-none-eabi/9.2.1/../../../arm-none-eabi/lib/thumb/v7-m/nofp/libc.a(lib_a-mallocr.o)
                0x0000000010000518                __malloc_av_
                0x0000000010000920                __malloc_sbrk_base
                0x0000000010000924                __malloc_trim_threshold
                0x0000000010000928                . = ALIGN (0x4)
                0x0000000010000928                PROVIDE (__preinit_array_start = .)
 *(.preinit_array)
                0x0000000010000928                PROVIDE (__preinit_array_end = .)
                0x0000000010000928                . = ALIGN (0x4)
                0x0000000010000928                PROVIDE (__init_array_start = .)
 *(SORT_BY_NAME(.init_array.*))
 .init_array.00000
                0x0000000010000928        0x4 /usr/lib/gcc/arm-none-eabi/9.2.1/../../../arm-none-eabi/lib/thumb/v7-m/nofp/libc.a(lib_a-__call_atexit.o)
 *(.init_array)
 .init_array    0x000000001000092c        0x4 /usr/lib/gcc/arm-none-eabi/9.2.1/thumb/v7-m/nofp/crtbegin.o
                0x0000000010000930                PROVIDE (__init_array_end = .)
                0x0000000010000930                . = ALIGN (0x4)
                0x0000000010000930                PROVIDE (__fini_array_start = .)
 *(SORT_BY_NAME(.fini_array.*))
 *(.fini_array)
 .fini_array    0x0000000010000930        0x4 /usr/lib/gcc/arm-none-eabi/9.2.1/thumb/v7-m/nofp/crtbegin.o
                0x0000000010000934                PROVIDE (__fini_array_end = .)
                0x0000000010000934                . = ALIGN (0x4)
                0x0000000010000934                __data_end__ = .

.tm_clone_table
                0x0000000010000934        0x0 load address 0x0000000000002e88
 .tm_clone_table
                0x0000000010000934        0x0 /usr/lib/gcc/arm-none-eabi/9.2.1/thumb/v7-m/nofp/crtbegin.o
 .tm_clone_table
                0x0000000010000934        0x0 /usr/lib/gcc/arm-none-eabi/9.2.1/thumb/v7-m/nofp/crtend.o

.igot.plt       0x0000000010000934        0x0 load address 0x0000000000002e88
 .igot.plt      0x0000000010000934        0x0 /usr/lib/gcc/arm-none-eabi/9.2.1/thumb/v7-m/nofp/crtbegin.o

.stackarea      0x0000000010000934      0x800 load address 0x0000000000002e88
 .stackarea     0x0000000010000934      0x800 build/startup_LPC17xx.o
                0x0000000010000934                pulStack

.bss            0x0000000010001134       0x80 load address 0x0000000000003688
                0x0000000010001134                __bss_start__ = .
 *(.bss*)
 .bss           0x0000000010001134       0x1c /usr/lib/gcc/arm-none-eabi/9.2.1/thumb/v7-m/nofp/crtbegin.o
 .bss.CS        0x0000000010001150        0x1 build/spi.o
                0x0000000010001150                CS
 .bss.MISO      0x0000000010001151        0x1 build/spi.o
                0x0000000010001151                MISO
 .bss.MOSI      0x0000000010001152        0x1 build/spi.o
                0x0000000010001152                MOSI
 .bss.CLOCK     0x0000000010001153        0x1 build/spi.o
                0x0000000010001153                CLOCK
 .bss._reg      0x0000000010001154       0x16 build/mcp23s17.o
                0x0000000010001154                _reg
 .bss._addr     0x000000001000116a        0x1 build/mcp23s17.o
                0x000000001000116a                _addr
 *fill*         0x000000001000116b        0x1 
 .bss.MCP_P_0   0x000000001000116c        0x4 build/main.o
                0x000000001000116c                MCP_P_0
 .bss.funcao    0x0000000010001170        0x4 build/timer.o
                0x0000000010001170                funcao
 .bss.sysTickCounter
                0x0000000010001174        0x4 build/delay.o
                0x0000000010001174                sysTickCounter
 .bss           0x0000000010001178       0x34 /usr/lib/gcc/arm-none-eabi/9.2.1/../../../arm-none-eabi/lib/thumb/v7-m/nofp/libc.a(lib_a-mallocr.o)
                0x0000000010001178                __malloc_top_pad
                0x000000001000117c                __malloc_current_mallinfo
                0x00000000100011a4                __malloc_max_sbrked_mem
                0x00000000100011a8                __malloc_max_total_mem
 .bss           0x00000000100011ac        0x4 /usr/lib/gcc/arm-none-eabi/9.2.1/../../../arm-none-eabi/lib/thumb/v7-m/nofp/libnosys.a(sbrk.o)
 *(COMMON)
 COMMON         0x00000000100011b0        0x4 /usr/lib/gcc/arm-none-eabi/9.2.1/../../../arm-none-eabi/lib/thumb/v7-m/nofp/libc.a(lib_a-reent.o)
                0x00000000100011b0                errno
                0x00000000100011b4                __bss_end__ = .

.heap           0x00000000100011b4        0x0
                0x00000000100011b4                __end__ = .
                0x00000000100011b4                end = __end__
 *(.heap*)
                0x00000000100011b4                __HeapLimit = .

.stack_dummy    0x00000000100011b4        0x0
 *(.stack)
                0x0000000010008000                __StackTop = (ORIGIN (RAM) + LENGTH (RAM))
                0x0000000010008000                __StackLimit = (__StackTop - SIZEOF (.stack_dummy))
                0x0000000010008000                PROVIDE (__stack = __StackTop)
                0x0000000000000001                ASSERT ((__StackLimit >= __HeapLimit), region RAM overflowed with stack)
OUTPUT(main.elf elf32-littlearm)
LOAD linker stubs

.ARM.attributes
                0x0000000000000000       0x29
 .ARM.attributes
                0x0000000000000000       0x1d /usr/lib/gcc/arm-none-eabi/9.2.1/thumb/v7-m/nofp/crti.o
 .ARM.attributes
                0x000000000000001d       0x2d /usr/lib/gcc/arm-none-eabi/9.2.1/thumb/v7-m/nofp/crtbegin.o
 .ARM.attributes
                0x000000000000004a       0x2d build/digital.o
 .ARM.attributes
                0x0000000000000077       0x2d build/spi.o
 .ARM.attributes
                0x00000000000000a4       0x2d build/mcp23s17.o
 .ARM.attributes
                0x00000000000000d1       0x2d build/system_LPC17xx.o
 .ARM.attributes
                0x00000000000000fe       0x2d build/startup_LPC17xx.o
 .ARM.attributes
                0x000000000000012b       0x2d build/main.o
 .ARM.attributes
                0x0000000000000158       0x2d build/timer.o
 .ARM.attributes
                0x0000000000000185       0x2d build/delay.o
 .ARM.attributes
                0x00000000000001b2       0x2d /usr/lib/gcc/arm-none-eabi/9.2.1/../../../arm-none-eabi/lib/thumb/v7-m/nofp/libc.a(lib_a-atexit.o)
 .ARM.attributes
                0x00000000000001df       0x2d /usr/lib/gcc/arm-none-eabi/9.2.1/../../../arm-none-eabi/lib/thumb/v7-m/nofp/libc.a(lib_a-fini.o)
 .ARM.attributes
                0x000000000000020c       0x2d /usr/lib/gcc/arm-none-eabi/9.2.1/../../../arm-none-eabi/lib/thumb/v7-m/nofp/libc.a(lib_a-impure.o)
 .ARM.attributes
                0x0000000000000239       0x2d /usr/lib/gcc/arm-none-eabi/9.2.1/../../../arm-none-eabi/lib/thumb/v7-m/nofp/libc.a(lib_a-mallocr.o)
 .ARM.attributes
                0x0000000000000266       0x2d /usr/lib/gcc/arm-none-eabi/9.2.1/../../../arm-none-eabi/lib/thumb/v7-m/nofp/libc.a(lib_a-memset.o)
 .ARM.attributes
                0x0000000000000293       0x2d /usr/lib/gcc/arm-none-eabi/9.2.1/../../../arm-none-eabi/lib/thumb/v7-m/nofp/libc.a(lib_a-mlock.o)
 .ARM.attributes
                0x00000000000002c0       0x2d /usr/lib/gcc/arm-none-eabi/9.2.1/../../../arm-none-eabi/lib/thumb/v7-m/nofp/libc.a(lib_a-puts.o)
 .ARM.attributes
                0x00000000000002ed       0x2d /usr/lib/gcc/arm-none-eabi/9.2.1/../../../arm-none-eabi/lib/thumb/v7-m/nofp/libc.a(lib_a-sbrkr.o)
 .ARM.attributes
                0x000000000000031a       0x2d /usr/lib/gcc/arm-none-eabi/9.2.1/../../../arm-none-eabi/lib/thumb/v7-m/nofp/libc.a(lib_a-strlen-stub.o)
 .ARM.attributes
                0x0000000000000347       0x2d /usr/lib/gcc/arm-none-eabi/9.2.1/../../../arm-none-eabi/lib/thumb/v7-m/nofp/libc.a(lib_a-__atexit.o)
 .ARM.attributes
                0x0000000000000374       0x2d /usr/lib/gcc/arm-none-eabi/9.2.1/../../../arm-none-eabi/lib/thumb/v7-m/nofp/libc.a(lib_a-__call_atexit.o)
 .ARM.attributes
                0x00000000000003a1       0x2d /usr/lib/gcc/arm-none-eabi/9.2.1/../../../arm-none-eabi/lib/thumb/v7-m/nofp/libc.a(lib_a-findfp.o)
 .ARM.attributes
                0x00000000000003ce       0x2d /usr/lib/gcc/arm-none-eabi/9.2.1/../../../arm-none-eabi/lib/thumb/v7-m/nofp/libc.a(lib_a-freer.o)
 .ARM.attributes
                0x00000000000003fb       0x2d /usr/lib/gcc/arm-none-eabi/9.2.1/../../../arm-none-eabi/lib/thumb/v7-m/nofp/libc.a(lib_a-fvwrite.o)
 .ARM.attributes
                0x0000000000000428       0x2d /usr/lib/gcc/arm-none-eabi/9.2.1/../../../arm-none-eabi/lib/thumb/v7-m/nofp/libc.a(lib_a-fwalk.o)
 .ARM.attributes
                0x0000000000000455       0x2d /usr/lib/gcc/arm-none-eabi/9.2.1/../../../arm-none-eabi/lib/thumb/v7-m/nofp/libc.a(lib_a-memchr-stub.o)
 .ARM.attributes
                0x0000000000000482       0x1b /usr/lib/gcc/arm-none-eabi/9.2.1/../../../arm-none-eabi/lib/thumb/v7-m/nofp/libc.a(lib_a-memcpy.o)
 .ARM.attributes
                0x000000000000049d       0x2d /usr/lib/gcc/arm-none-eabi/9.2.1/../../../arm-none-eabi/lib/thumb/v7-m/nofp/libc.a(lib_a-memmove.o)
 .ARM.attributes
                0x00000000000004ca       0x2d /usr/lib/gcc/arm-none-eabi/9.2.1/../../../arm-none-eabi/lib/thumb/v7-m/nofp/libc.a(lib_a-reallocr.o)
 .ARM.attributes
                0x00000000000004f7       0x2d /usr/lib/gcc/arm-none-eabi/9.2.1/../../../arm-none-eabi/lib/thumb/v7-m/nofp/libc.a(lib_a-reent.o)
 .ARM.attributes
                0x0000000000000524       0x2d /usr/lib/gcc/arm-none-eabi/9.2.1/../../../arm-none-eabi/lib/thumb/v7-m/nofp/libc.a(lib_a-stdio.o)
 .ARM.attributes
                0x0000000000000551       0x2d /usr/lib/gcc/arm-none-eabi/9.2.1/../../../arm-none-eabi/lib/thumb/v7-m/nofp/libc.a(lib_a-writer.o)
 .ARM.attributes
                0x000000000000057e       0x2d /usr/lib/gcc/arm-none-eabi/9.2.1/../../../arm-none-eabi/lib/thumb/v7-m/nofp/libc.a(lib_a-wsetup.o)
 .ARM.attributes
                0x00000000000005ab       0x2d /usr/lib/gcc/arm-none-eabi/9.2.1/../../../arm-none-eabi/lib/thumb/v7-m/nofp/libc.a(lib_a-closer.o)
 .ARM.attributes
                0x00000000000005d8       0x2d /usr/lib/gcc/arm-none-eabi/9.2.1/../../../arm-none-eabi/lib/thumb/v7-m/nofp/libc.a(lib_a-fclose.o)
 .ARM.attributes
                0x0000000000000605       0x2d /usr/lib/gcc/arm-none-eabi/9.2.1/../../../arm-none-eabi/lib/thumb/v7-m/nofp/libc.a(lib_a-fflush.o)
 .ARM.attributes
                0x0000000000000632       0x2d /usr/lib/gcc/arm-none-eabi/9.2.1/../../../arm-none-eabi/lib/thumb/v7-m/nofp/libc.a(lib_a-lseekr.o)
 .ARM.attributes
                0x000000000000065f       0x2d /usr/lib/gcc/arm-none-eabi/9.2.1/../../../arm-none-eabi/lib/thumb/v7-m/nofp/libc.a(lib_a-makebuf.o)
 .ARM.attributes
                0x000000000000068c       0x2d /usr/lib/gcc/arm-none-eabi/9.2.1/../../../arm-none-eabi/lib/thumb/v7-m/nofp/libc.a(lib_a-readr.o)
 .ARM.attributes
                0x00000000000006b9       0x2d /usr/lib/gcc/arm-none-eabi/9.2.1/../../../arm-none-eabi/lib/thumb/v7-m/nofp/libc.a(lib_a-fstatr.o)
 .ARM.attributes
                0x00000000000006e6       0x2d /usr/lib/gcc/arm-none-eabi/9.2.1/../../../arm-none-eabi/lib/thumb/v7-m/nofp/libc.a(lib_a-isattyr.o)
 .ARM.attributes
                0x0000000000000713       0x2d /usr/lib/gcc/arm-none-eabi/9.2.1/../../../arm-none-eabi/lib/thumb/v7-m/nofp/libnosys.a(close.o)
 .ARM.attributes
                0x0000000000000740       0x2d /usr/lib/gcc/arm-none-eabi/9.2.1/../../../arm-none-eabi/lib/thumb/v7-m/nofp/libnosys.a(fstat.o)
 .ARM.attributes
                0x000000000000076d       0x2d /usr/lib/gcc/arm-none-eabi/9.2.1/../../../arm-none-eabi/lib/thumb/v7-m/nofp/libnosys.a(isatty.o)
 .ARM.attributes
                0x000000000000079a       0x2d /usr/lib/gcc/arm-none-eabi/9.2.1/../../../arm-none-eabi/lib/thumb/v7-m/nofp/libnosys.a(lseek.o)
 .ARM.attributes
                0x00000000000007c7       0x2d /usr/lib/gcc/arm-none-eabi/9.2.1/../../../arm-none-eabi/lib/thumb/v7-m/nofp/libnosys.a(read.o)
 .ARM.attributes
                0x00000000000007f4       0x2d /usr/lib/gcc/arm-none-eabi/9.2.1/../../../arm-none-eabi/lib/thumb/v7-m/nofp/libnosys.a(sbrk.o)
 .ARM.attributes
                0x0000000000000821       0x2d /usr/lib/gcc/arm-none-eabi/9.2.1/../../../arm-none-eabi/lib/thumb/v7-m/nofp/libnosys.a(write.o)
 .ARM.attributes
                0x000000000000084e       0x2d /usr/lib/gcc/arm-none-eabi/9.2.1/thumb/v7-m/nofp/crtend.o
 .ARM.attributes
                0x000000000000087b       0x1d /usr/lib/gcc/arm-none-eabi/9.2.1/thumb/v7-m/nofp/crtn.o

.comment        0x0000000000000000       0xa7
 .comment       0x0000000000000000       0x59 /usr/lib/gcc/arm-none-eabi/9.2.1/thumb/v7-m/nofp/crtbegin.o
                                         0x5a (size before relaxing)
 .comment       0x0000000000000059       0x5a build/digital.o
 .comment       0x0000000000000059       0x5a build/spi.o
 .comment       0x0000000000000059       0x5a build/mcp23s17.o
 .comment       0x0000000000000059       0x5a build/system_LPC17xx.o
 .comment       0x0000000000000059       0x5a build/startup_LPC17xx.o
 .comment       0x0000000000000059       0x5a build/main.o
 .comment       0x0000000000000059       0x5a build/timer.o
 .comment       0x0000000000000059       0x5a build/delay.o
 .comment       0x0000000000000059       0x4e /usr/lib/gcc/arm-none-eabi/9.2.1/../../../arm-none-eabi/lib/thumb/v7-m/nofp/libc.a(lib_a-atexit.o)
                                         0x4f (size before relaxing)
 .comment       0x00000000000000a7       0x4f /usr/lib/gcc/arm-none-eabi/9.2.1/../../../arm-none-eabi/lib/thumb/v7-m/nofp/libc.a(lib_a-fini.o)
 .comment       0x00000000000000a7       0x4f /usr/lib/gcc/arm-none-eabi/9.2.1/../../../arm-none-eabi/lib/thumb/v7-m/nofp/libc.a(lib_a-impure.o)
 .comment       0x00000000000000a7       0x4f /usr/lib/gcc/arm-none-eabi/9.2.1/../../../arm-none-eabi/lib/thumb/v7-m/nofp/libc.a(lib_a-mallocr.o)
 .comment       0x00000000000000a7       0x4f /usr/lib/gcc/arm-none-eabi/9.2.1/../../../arm-none-eabi/lib/thumb/v7-m/nofp/libc.a(lib_a-memset.o)
 .comment       0x00000000000000a7       0x4f /usr/lib/gcc/arm-none-eabi/9.2.1/../../../arm-none-eabi/lib/thumb/v7-m/nofp/libc.a(lib_a-mlock.o)
 .comment       0x00000000000000a7       0x4f /usr/lib/gcc/arm-none-eabi/9.2.1/../../../arm-none-eabi/lib/thumb/v7-m/nofp/libc.a(lib_a-puts.o)
 .comment       0x00000000000000a7       0x4f /usr/lib/gcc/arm-none-eabi/9.2.1/../../../arm-none-eabi/lib/thumb/v7-m/nofp/libc.a(lib_a-sbrkr.o)
 .comment       0x00000000000000a7       0x4f /usr/lib/gcc/arm-none-eabi/9.2.1/../../../arm-none-eabi/lib/thumb/v7-m/nofp/libc.a(lib_a-strlen-stub.o)
 .comment       0x00000000000000a7       0x4f /usr/lib/gcc/arm-none-eabi/9.2.1/../../../arm-none-eabi/lib/thumb/v7-m/nofp/libc.a(lib_a-__atexit.o)
 .comment       0x00000000000000a7       0x4f /usr/lib/gcc/arm-none-eabi/9.2.1/../../../arm-none-eabi/lib/thumb/v7-m/nofp/libc.a(lib_a-__call_atexit.o)
 .comment       0x00000000000000a7       0x4f /usr/lib/gcc/arm-none-eabi/9.2.1/../../../arm-none-eabi/lib/thumb/v7-m/nofp/libc.a(lib_a-findfp.o)
 .comment       0x00000000000000a7       0x4f /usr/lib/gcc/arm-none-eabi/9.2.1/../../../arm-none-eabi/lib/thumb/v7-m/nofp/libc.a(lib_a-freer.o)
 .comment       0x00000000000000a7       0x4f /usr/lib/gcc/arm-none-eabi/9.2.1/../../../arm-none-eabi/lib/thumb/v7-m/nofp/libc.a(lib_a-fvwrite.o)
 .comment       0x00000000000000a7       0x4f /usr/lib/gcc/arm-none-eabi/9.2.1/../../../arm-none-eabi/lib/thumb/v7-m/nofp/libc.a(lib_a-fwalk.o)
 .comment       0x00000000000000a7       0x4f /usr/lib/gcc/arm-none-eabi/9.2.1/../../../arm-none-eabi/lib/thumb/v7-m/nofp/libc.a(lib_a-memchr-stub.o)
 .comment       0x00000000000000a7       0x4f /usr/lib/gcc/arm-none-eabi/9.2.1/../../../arm-none-eabi/lib/thumb/v7-m/nofp/libc.a(lib_a-memmove.o)
 .comment       0x00000000000000a7       0x4f /usr/lib/gcc/arm-none-eabi/9.2.1/../../../arm-none-eabi/lib/thumb/v7-m/nofp/libc.a(lib_a-reallocr.o)
 .comment       0x00000000000000a7       0x4f /usr/lib/gcc/arm-none-eabi/9.2.1/../../../arm-none-eabi/lib/thumb/v7-m/nofp/libc.a(lib_a-reent.o)
 .comment       0x00000000000000a7       0x4f /usr/lib/gcc/arm-none-eabi/9.2.1/../../../arm-none-eabi/lib/thumb/v7-m/nofp/libc.a(lib_a-stdio.o)
 .comment       0x00000000000000a7       0x4f /usr/lib/gcc/arm-none-eabi/9.2.1/../../../arm-none-eabi/lib/thumb/v7-m/nofp/libc.a(lib_a-writer.o)
 .comment       0x00000000000000a7       0x4f /usr/lib/gcc/arm-none-eabi/9.2.1/../../../arm-none-eabi/lib/thumb/v7-m/nofp/libc.a(lib_a-wsetup.o)
 .comment       0x00000000000000a7       0x4f /usr/lib/gcc/arm-none-eabi/9.2.1/../../../arm-none-eabi/lib/thumb/v7-m/nofp/libc.a(lib_a-closer.o)
 .comment       0x00000000000000a7       0x4f /usr/lib/gcc/arm-none-eabi/9.2.1/../../../arm-none-eabi/lib/thumb/v7-m/nofp/libc.a(lib_a-fclose.o)
 .comment       0x00000000000000a7       0x4f /usr/lib/gcc/arm-none-eabi/9.2.1/../../../arm-none-eabi/lib/thumb/v7-m/nofp/libc.a(lib_a-fflush.o)
 .comment       0x00000000000000a7       0x4f /usr/lib/gcc/arm-none-eabi/9.2.1/../../../arm-none-eabi/lib/thumb/v7-m/nofp/libc.a(lib_a-lseekr.o)
 .comment       0x00000000000000a7       0x4f /usr/lib/gcc/arm-none-eabi/9.2.1/../../../arm-none-eabi/lib/thumb/v7-m/nofp/libc.a(lib_a-makebuf.o)
 .comment       0x00000000000000a7       0x4f /usr/lib/gcc/arm-none-eabi/9.2.1/../../../arm-none-eabi/lib/thumb/v7-m/nofp/libc.a(lib_a-readr.o)
 .comment       0x00000000000000a7       0x4f /usr/lib/gcc/arm-none-eabi/9.2.1/../../../arm-none-eabi/lib/thumb/v7-m/nofp/libc.a(lib_a-fstatr.o)
 .comment       0x00000000000000a7       0x4f /usr/lib/gcc/arm-none-eabi/9.2.1/../../../arm-none-eabi/lib/thumb/v7-m/nofp/libc.a(lib_a-isattyr.o)
 .comment       0x00000000000000a7       0x4f /usr/lib/gcc/arm-none-eabi/9.2.1/../../../arm-none-eabi/lib/thumb/v7-m/nofp/libnosys.a(close.o)
 .comment       0x00000000000000a7       0x4f /usr/lib/gcc/arm-none-eabi/9.2.1/../../../arm-none-eabi/lib/thumb/v7-m/nofp/libnosys.a(fstat.o)
 .comment       0x00000000000000a7       0x4f /usr/lib/gcc/arm-none-eabi/9.2.1/../../../arm-none-eabi/lib/thumb/v7-m/nofp/libnosys.a(isatty.o)
 .comment       0x00000000000000a7       0x4f /usr/lib/gcc/arm-none-eabi/9.2.1/../../../arm-none-eabi/lib/thumb/v7-m/nofp/libnosys.a(lseek.o)
 .comment       0x00000000000000a7       0x4f /usr/lib/gcc/arm-none-eabi/9.2.1/../../../arm-none-eabi/lib/thumb/v7-m/nofp/libnosys.a(read.o)
 .comment       0x00000000000000a7       0x4f /usr/lib/gcc/arm-none-eabi/9.2.1/../../../arm-none-eabi/lib/thumb/v7-m/nofp/libnosys.a(sbrk.o)
 .comment       0x00000000000000a7       0x4f /usr/lib/gcc/arm-none-eabi/9.2.1/../../../arm-none-eabi/lib/thumb/v7-m/nofp/libnosys.a(write.o)
 .comment       0x00000000000000a7       0x5a /usr/lib/gcc/arm-none-eabi/9.2.1/thumb/v7-m/nofp/crtend.o

.debug_info     0x0000000000000000    0x1c899
 .debug_info    0x0000000000000000      0x4a7 build/digital.o
 .debug_info    0x00000000000004a7      0x154 build/spi.o
 .debug_info    0x00000000000005fb      0xb36 build/mcp23s17.o
 .debug_info    0x0000000000001131      0x335 build/system_LPC17xx.o
 .debug_info    0x0000000000001466      0x18a build/startup_LPC17xx.o
 .debug_info    0x00000000000015f0      0x93d build/main.o
 .debug_info    0x0000000000001f2d      0x814 build/timer.o
 .debug_info    0x0000000000002741      0x5bc build/delay.o
 .debug_info    0x0000000000002cfd      0x995 /usr/lib/gcc/arm-none-eabi/9.2.1/../../../arm-none-eabi/lib/thumb/v7-m/nofp/libc.a(lib_a-atexit.o)
 .debug_info    0x0000000000003692      0x102 /usr/lib/gcc/arm-none-eabi/9.2.1/../../../arm-none-eabi/lib/thumb/v7-m/nofp/libc.a(lib_a-fini.o)
 .debug_info    0x0000000000003794      0x92a /usr/lib/gcc/arm-none-eabi/9.2.1/../../../arm-none-eabi/lib/thumb/v7-m/nofp/libc.a(lib_a-impure.o)
 .debug_info    0x00000000000040be      0xf2e /usr/lib/gcc/arm-none-eabi/9.2.1/../../../arm-none-eabi/lib/thumb/v7-m/nofp/libc.a(lib_a-mallocr.o)
 .debug_info    0x0000000000004fec      0xf21 /usr/lib/gcc/arm-none-eabi/9.2.1/../../../arm-none-eabi/lib/thumb/v7-m/nofp/libc.a(lib_a-memset.o)
 .debug_info    0x0000000000005f0d      0x961 /usr/lib/gcc/arm-none-eabi/9.2.1/../../../arm-none-eabi/lib/thumb/v7-m/nofp/libc.a(lib_a-mlock.o)
 .debug_info    0x000000000000686e      0xce5 /usr/lib/gcc/arm-none-eabi/9.2.1/../../../arm-none-eabi/lib/thumb/v7-m/nofp/libc.a(lib_a-puts.o)
 .debug_info    0x0000000000007553      0x9fb /usr/lib/gcc/arm-none-eabi/9.2.1/../../../arm-none-eabi/lib/thumb/v7-m/nofp/libc.a(lib_a-sbrkr.o)
 .debug_info    0x0000000000007f4e      0x941 /usr/lib/gcc/arm-none-eabi/9.2.1/../../../arm-none-eabi/lib/thumb/v7-m/nofp/libc.a(lib_a-strlen-stub.o)
 .debug_info    0x000000000000888f      0x9d5 /usr/lib/gcc/arm-none-eabi/9.2.1/../../../arm-none-eabi/lib/thumb/v7-m/nofp/libc.a(lib_a-__atexit.o)
 .debug_info    0x0000000000009264      0xa56 /usr/lib/gcc/arm-none-eabi/9.2.1/../../../arm-none-eabi/lib/thumb/v7-m/nofp/libc.a(lib_a-__call_atexit.o)
 .debug_info    0x0000000000009cba     0x1143 /usr/lib/gcc/arm-none-eabi/9.2.1/../../../arm-none-eabi/lib/thumb/v7-m/nofp/libc.a(lib_a-findfp.o)
 .debug_info    0x000000000000adfd      0xdc4 /usr/lib/gcc/arm-none-eabi/9.2.1/../../../arm-none-eabi/lib/thumb/v7-m/nofp/libc.a(lib_a-freer.o)
 .debug_info    0x000000000000bbc1      0xf1c /usr/lib/gcc/arm-none-eabi/9.2.1/../../../arm-none-eabi/lib/thumb/v7-m/nofp/libc.a(lib_a-fvwrite.o)
 .debug_info    0x000000000000cadd      0xca4 /usr/lib/gcc/arm-none-eabi/9.2.1/../../../arm-none-eabi/lib/thumb/v7-m/nofp/libc.a(lib_a-fwalk.o)
 .debug_info    0x000000000000d781      0x9e3 /usr/lib/gcc/arm-none-eabi/9.2.1/../../../arm-none-eabi/lib/thumb/v7-m/nofp/libc.a(lib_a-memchr-stub.o)
 .debug_info    0x000000000000e164       0x26 /usr/lib/gcc/arm-none-eabi/9.2.1/../../../arm-none-eabi/lib/thumb/v7-m/nofp/libc.a(lib_a-memcpy.o)
 .debug_info    0x000000000000e18a      0xf2b /usr/lib/gcc/arm-none-eabi/9.2.1/../../../arm-none-eabi/lib/thumb/v7-m/nofp/libc.a(lib_a-memmove.o)
 .debug_info    0x000000000000f0b5      0xf09 /usr/lib/gcc/arm-none-eabi/9.2.1/../../../arm-none-eabi/lib/thumb/v7-m/nofp/libc.a(lib_a-reallocr.o)
 .debug_info    0x000000000000ffbe      0xac5 /usr/lib/gcc/arm-none-eabi/9.2.1/../../../arm-none-eabi/lib/thumb/v7-m/nofp/libc.a(lib_a-reent.o)
 .debug_info    0x0000000000010a83      0xe67 /usr/lib/gcc/arm-none-eabi/9.2.1/../../../arm-none-eabi/lib/thumb/v7-m/nofp/libc.a(lib_a-stdio.o)
 .debug_info    0x00000000000118ea      0xa2c /usr/lib/gcc/arm-none-eabi/9.2.1/../../../arm-none-eabi/lib/thumb/v7-m/nofp/libc.a(lib_a-writer.o)
 .debug_info    0x0000000000012316      0xbf3 /usr/lib/gcc/arm-none-eabi/9.2.1/../../../arm-none-eabi/lib/thumb/v7-m/nofp/libc.a(lib_a-wsetup.o)
 .debug_info    0x0000000000012f09      0x9d8 /usr/lib/gcc/arm-none-eabi/9.2.1/../../../arm-none-eabi/lib/thumb/v7-m/nofp/libc.a(lib_a-closer.o)
 .debug_info    0x00000000000138e1      0xcd5 /usr/lib/gcc/arm-none-eabi/9.2.1/../../../arm-none-eabi/lib/thumb/v7-m/nofp/libc.a(lib_a-fclose.o)
 .debug_info    0x00000000000145b6      0xd73 /usr/lib/gcc/arm-none-eabi/9.2.1/../../../arm-none-eabi/lib/thumb/v7-m/nofp/libc.a(lib_a-fflush.o)
 .debug_info    0x0000000000015329      0xa0d /usr/lib/gcc/arm-none-eabi/9.2.1/../../../arm-none-eabi/lib/thumb/v7-m/nofp/libc.a(lib_a-lseekr.o)
 .debug_info    0x0000000000015d36      0xf69 /usr/lib/gcc/arm-none-eabi/9.2.1/../../../arm-none-eabi/lib/thumb/v7-m/nofp/libc.a(lib_a-makebuf.o)
 .debug_info    0x0000000000016c9f      0xa25 /usr/lib/gcc/arm-none-eabi/9.2.1/../../../arm-none-eabi/lib/thumb/v7-m/nofp/libc.a(lib_a-readr.o)
 .debug_info    0x00000000000176c4      0xc23 /usr/lib/gcc/arm-none-eabi/9.2.1/../../../arm-none-eabi/lib/thumb/v7-m/nofp/libc.a(lib_a-fstatr.o)
 .debug_info    0x00000000000182e7      0x9d8 /usr/lib/gcc/arm-none-eabi/9.2.1/../../../arm-none-eabi/lib/thumb/v7-m/nofp/libc.a(lib_a-isattyr.o)
 .debug_info    0x0000000000018cbf      0x96e /usr/lib/gcc/arm-none-eabi/9.2.1/../../../arm-none-eabi/lib/thumb/v7-m/nofp/libnosys.a(close.o)
 .debug_info    0x000000000001962d      0xbb1 /usr/lib/gcc/arm-none-eabi/9.2.1/../../../arm-none-eabi/lib/thumb/v7-m/nofp/libnosys.a(fstat.o)
 .debug_info    0x000000000001a1de      0x96e /usr/lib/gcc/arm-none-eabi/9.2.1/../../../arm-none-eabi/lib/thumb/v7-m/nofp/libnosys.a(isatty.o)
 .debug_info    0x000000000001ab4c      0x990 /usr/lib/gcc/arm-none-eabi/9.2.1/../../../arm-none-eabi/lib/thumb/v7-m/nofp/libnosys.a(lseek.o)
 .debug_info    0x000000000001b4dc      0x990 /usr/lib/gcc/arm-none-eabi/9.2.1/../../../arm-none-eabi/lib/thumb/v7-m/nofp/libnosys.a(read.o)
 .debug_info    0x000000000001be6c       0x9d /usr/lib/gcc/arm-none-eabi/9.2.1/../../../arm-none-eabi/lib/thumb/v7-m/nofp/libnosys.a(sbrk.o)
 .debug_info    0x000000000001bf09      0x990 /usr/lib/gcc/arm-none-eabi/9.2.1/../../../arm-none-eabi/lib/thumb/v7-m/nofp/libnosys.a(write.o)

.debug_abbrev   0x0000000000000000     0x623f
 .debug_abbrev  0x0000000000000000      0x17a build/digital.o
 .debug_abbrev  0x000000000000017a       0xd1 build/spi.o
 .debug_abbrev  0x000000000000024b      0x25d build/mcp23s17.o
 .debug_abbrev  0x00000000000004a8      0x104 build/system_LPC17xx.o
 .debug_abbrev  0x00000000000005ac      0x103 build/startup_LPC17xx.o
 .debug_abbrev  0x00000000000006af      0x1cf build/main.o
 .debug_abbrev  0x000000000000087e      0x1ed build/timer.o
 .debug_abbrev  0x0000000000000a6b      0x208 build/delay.o
 .debug_abbrev  0x0000000000000c73      0x232 /usr/lib/gcc/arm-none-eabi/9.2.1/../../../arm-none-eabi/lib/thumb/v7-m/nofp/libc.a(lib_a-atexit.o)
 .debug_abbrev  0x0000000000000ea5       0xcf /usr/lib/gcc/arm-none-eabi/9.2.1/../../../arm-none-eabi/lib/thumb/v7-m/nofp/libc.a(lib_a-fini.o)
 .debug_abbrev  0x0000000000000f74      0x1b8 /usr/lib/gcc/arm-none-eabi/9.2.1/../../../arm-none-eabi/lib/thumb/v7-m/nofp/libc.a(lib_a-impure.o)
 .debug_abbrev  0x000000000000112c      0x321 /usr/lib/gcc/arm-none-eabi/9.2.1/../../../arm-none-eabi/lib/thumb/v7-m/nofp/libc.a(lib_a-mallocr.o)
 .debug_abbrev  0x000000000000144d      0x217 /usr/lib/gcc/arm-none-eabi/9.2.1/../../../arm-none-eabi/lib/thumb/v7-m/nofp/libc.a(lib_a-memset.o)
 .debug_abbrev  0x0000000000001664      0x203 /usr/lib/gcc/arm-none-eabi/9.2.1/../../../arm-none-eabi/lib/thumb/v7-m/nofp/libc.a(lib_a-mlock.o)
 .debug_abbrev  0x0000000000001867      0x2c5 /usr/lib/gcc/arm-none-eabi/9.2.1/../../../arm-none-eabi/lib/thumb/v7-m/nofp/libc.a(lib_a-puts.o)
 .debug_abbrev  0x0000000000001b2c      0x250 /usr/lib/gcc/arm-none-eabi/9.2.1/../../../arm-none-eabi/lib/thumb/v7-m/nofp/libc.a(lib_a-sbrkr.o)
 .debug_abbrev  0x0000000000001d7c      0x1d2 /usr/lib/gcc/arm-none-eabi/9.2.1/../../../arm-none-eabi/lib/thumb/v7-m/nofp/libc.a(lib_a-strlen-stub.o)
 .debug_abbrev  0x0000000000001f4e      0x252 /usr/lib/gcc/arm-none-eabi/9.2.1/../../../arm-none-eabi/lib/thumb/v7-m/nofp/libc.a(lib_a-__atexit.o)
 .debug_abbrev  0x00000000000021a0      0x2b2 /usr/lib/gcc/arm-none-eabi/9.2.1/../../../arm-none-eabi/lib/thumb/v7-m/nofp/libc.a(lib_a-__call_atexit.o)
 .debug_abbrev  0x0000000000002452      0x425 /usr/lib/gcc/arm-none-eabi/9.2.1/../../../arm-none-eabi/lib/thumb/v7-m/nofp/libc.a(lib_a-findfp.o)
 .debug_abbrev  0x0000000000002877      0x2c9 /usr/lib/gcc/arm-none-eabi/9.2.1/../../../arm-none-eabi/lib/thumb/v7-m/nofp/libc.a(lib_a-freer.o)
 .debug_abbrev  0x0000000000002b40      0x2b9 /usr/lib/gcc/arm-none-eabi/9.2.1/../../../arm-none-eabi/lib/thumb/v7-m/nofp/libc.a(lib_a-fvwrite.o)
 .debug_abbrev  0x0000000000002df9      0x24e /usr/lib/gcc/arm-none-eabi/9.2.1/../../../arm-none-eabi/lib/thumb/v7-m/nofp/libc.a(lib_a-fwalk.o)
 .debug_abbrev  0x0000000000003047      0x215 /usr/lib/gcc/arm-none-eabi/9.2.1/../../../arm-none-eabi/lib/thumb/v7-m/nofp/libc.a(lib_a-memchr-stub.o)
 .debug_abbrev  0x000000000000325c       0x14 /usr/lib/gcc/arm-none-eabi/9.2.1/../../../arm-none-eabi/lib/thumb/v7-m/nofp/libc.a(lib_a-memcpy.o)
 .debug_abbrev  0x0000000000003270      0x21c /usr/lib/gcc/arm-none-eabi/9.2.1/../../../arm-none-eabi/lib/thumb/v7-m/nofp/libc.a(lib_a-memmove.o)
 .debug_abbrev  0x000000000000348c      0x2a1 /usr/lib/gcc/arm-none-eabi/9.2.1/../../../arm-none-eabi/lib/thumb/v7-m/nofp/libc.a(lib_a-reallocr.o)
 .debug_abbrev  0x000000000000372d      0x2ba /usr/lib/gcc/arm-none-eabi/9.2.1/../../../arm-none-eabi/lib/thumb/v7-m/nofp/libc.a(lib_a-reent.o)
 .debug_abbrev  0x00000000000039e7      0x2ad /usr/lib/gcc/arm-none-eabi/9.2.1/../../../arm-none-eabi/lib/thumb/v7-m/nofp/libc.a(lib_a-stdio.o)
 .debug_abbrev  0x0000000000003c94      0x22a /usr/lib/gcc/arm-none-eabi/9.2.1/../../../arm-none-eabi/lib/thumb/v7-m/nofp/libc.a(lib_a-writer.o)
 .debug_abbrev  0x0000000000003ebe      0x283 /usr/lib/gcc/arm-none-eabi/9.2.1/../../../arm-none-eabi/lib/thumb/v7-m/nofp/libc.a(lib_a-wsetup.o)
 .debug_abbrev  0x0000000000004141      0x225 /usr/lib/gcc/arm-none-eabi/9.2.1/../../../arm-none-eabi/lib/thumb/v7-m/nofp/libc.a(lib_a-closer.o)
 .debug_abbrev  0x0000000000004366      0x327 /usr/lib/gcc/arm-none-eabi/9.2.1/../../../arm-none-eabi/lib/thumb/v7-m/nofp/libc.a(lib_a-fclose.o)
 .debug_abbrev  0x000000000000468d      0x322 /usr/lib/gcc/arm-none-eabi/9.2.1/../../../arm-none-eabi/lib/thumb/v7-m/nofp/libc.a(lib_a-fflush.o)
 .debug_abbrev  0x00000000000049af      0x239 /usr/lib/gcc/arm-none-eabi/9.2.1/../../../arm-none-eabi/lib/thumb/v7-m/nofp/libc.a(lib_a-lseekr.o)
 .debug_abbrev  0x0000000000004be8      0x334 /usr/lib/gcc/arm-none-eabi/9.2.1/../../../arm-none-eabi/lib/thumb/v7-m/nofp/libc.a(lib_a-makebuf.o)
 .debug_abbrev  0x0000000000004f1c      0x225 /usr/lib/gcc/arm-none-eabi/9.2.1/../../../arm-none-eabi/lib/thumb/v7-m/nofp/libc.a(lib_a-readr.o)
 .debug_abbrev  0x0000000000005141      0x239 /usr/lib/gcc/arm-none-eabi/9.2.1/../../../arm-none-eabi/lib/thumb/v7-m/nofp/libc.a(lib_a-fstatr.o)
 .debug_abbrev  0x000000000000537a      0x225 /usr/lib/gcc/arm-none-eabi/9.2.1/../../../arm-none-eabi/lib/thumb/v7-m/nofp/libc.a(lib_a-isattyr.o)
 .debug_abbrev  0x000000000000559f      0x1ea /usr/lib/gcc/arm-none-eabi/9.2.1/../../../arm-none-eabi/lib/thumb/v7-m/nofp/libnosys.a(close.o)
 .debug_abbrev  0x0000000000005789      0x1fd /usr/lib/gcc/arm-none-eabi/9.2.1/../../../arm-none-eabi/lib/thumb/v7-m/nofp/libnosys.a(fstat.o)
 .debug_abbrev  0x0000000000005986      0x1ea /usr/lib/gcc/arm-none-eabi/9.2.1/../../../arm-none-eabi/lib/thumb/v7-m/nofp/libnosys.a(isatty.o)
 .debug_abbrev  0x0000000000005b70      0x20f /usr/lib/gcc/arm-none-eabi/9.2.1/../../../arm-none-eabi/lib/thumb/v7-m/nofp/libnosys.a(lseek.o)
 .debug_abbrev  0x0000000000005d7f      0x20f /usr/lib/gcc/arm-none-eabi/9.2.1/../../../arm-none-eabi/lib/thumb/v7-m/nofp/libnosys.a(read.o)
 .debug_abbrev  0x0000000000005f8e       0xa2 /usr/lib/gcc/arm-none-eabi/9.2.1/../../../arm-none-eabi/lib/thumb/v7-m/nofp/libnosys.a(sbrk.o)
 .debug_abbrev  0x0000000000006030      0x20f /usr/lib/gcc/arm-none-eabi/9.2.1/../../../arm-none-eabi/lib/thumb/v7-m/nofp/libnosys.a(write.o)

.debug_aranges  0x0000000000000000      0x688
 .debug_aranges
                0x0000000000000000       0x30 build/digital.o
 .debug_aranges
                0x0000000000000030       0x38 build/spi.o
 .debug_aranges
                0x0000000000000068       0x50 build/mcp23s17.o
 .debug_aranges
                0x00000000000000b8       0x28 build/system_LPC17xx.o
 .debug_aranges
                0x00000000000000e0       0x28 build/startup_LPC17xx.o
 .debug_aranges
                0x0000000000000108       0x20 build/main.o
 .debug_aranges
                0x0000000000000128       0x48 build/timer.o
 .debug_aranges
                0x0000000000000170       0x58 build/delay.o
 .debug_aranges
                0x00000000000001c8       0x20 /usr/lib/gcc/arm-none-eabi/9.2.1/../../../arm-none-eabi/lib/thumb/v7-m/nofp/libc.a(lib_a-atexit.o)
 .debug_aranges
                0x00000000000001e8       0x20 /usr/lib/gcc/arm-none-eabi/9.2.1/../../../arm-none-eabi/lib/thumb/v7-m/nofp/libc.a(lib_a-fini.o)
 .debug_aranges
                0x0000000000000208       0x18 /usr/lib/gcc/arm-none-eabi/9.2.1/../../../arm-none-eabi/lib/thumb/v7-m/nofp/libc.a(lib_a-impure.o)
 .debug_aranges
                0x0000000000000220       0x20 /usr/lib/gcc/arm-none-eabi/9.2.1/../../../arm-none-eabi/lib/thumb/v7-m/nofp/libc.a(lib_a-mallocr.o)
 .debug_aranges
                0x0000000000000240       0x20 /usr/lib/gcc/arm-none-eabi/9.2.1/../../../arm-none-eabi/lib/thumb/v7-m/nofp/libc.a(lib_a-memset.o)
 .debug_aranges
                0x0000000000000260       0x20 /usr/lib/gcc/arm-none-eabi/9.2.1/../../../arm-none-eabi/lib/thumb/v7-m/nofp/libc.a(lib_a-mlock.o)
 .debug_aranges
                0x0000000000000280       0x20 /usr/lib/gcc/arm-none-eabi/9.2.1/../../../arm-none-eabi/lib/thumb/v7-m/nofp/libc.a(lib_a-puts.o)
 .debug_aranges
                0x00000000000002a0       0x20 /usr/lib/gcc/arm-none-eabi/9.2.1/../../../arm-none-eabi/lib/thumb/v7-m/nofp/libc.a(lib_a-sbrkr.o)
 .debug_aranges
                0x00000000000002c0       0x20 /usr/lib/gcc/arm-none-eabi/9.2.1/../../../arm-none-eabi/lib/thumb/v7-m/nofp/libc.a(lib_a-strlen-stub.o)
 .debug_aranges
                0x00000000000002e0       0x20 /usr/lib/gcc/arm-none-eabi/9.2.1/../../../arm-none-eabi/lib/thumb/v7-m/nofp/libc.a(lib_a-__atexit.o)
 .debug_aranges
                0x0000000000000300       0x28 /usr/lib/gcc/arm-none-eabi/9.2.1/../../../arm-none-eabi/lib/thumb/v7-m/nofp/libc.a(lib_a-__call_atexit.o)
 .debug_aranges
                0x0000000000000328       0x20 /usr/lib/gcc/arm-none-eabi/9.2.1/../../../arm-none-eabi/lib/thumb/v7-m/nofp/libc.a(lib_a-findfp.o)
 .debug_aranges
                0x0000000000000348       0x20 /usr/lib/gcc/arm-none-eabi/9.2.1/../../../arm-none-eabi/lib/thumb/v7-m/nofp/libc.a(lib_a-freer.o)
 .debug_aranges
                0x0000000000000368       0x20 /usr/lib/gcc/arm-none-eabi/9.2.1/../../../arm-none-eabi/lib/thumb/v7-m/nofp/libc.a(lib_a-fvwrite.o)
 .debug_aranges
                0x0000000000000388       0x20 /usr/lib/gcc/arm-none-eabi/9.2.1/../../../arm-none-eabi/lib/thumb/v7-m/nofp/libc.a(lib_a-fwalk.o)
 .debug_aranges
                0x00000000000003a8       0x20 /usr/lib/gcc/arm-none-eabi/9.2.1/../../../arm-none-eabi/lib/thumb/v7-m/nofp/libc.a(lib_a-memchr-stub.o)
 .debug_aranges
                0x00000000000003c8       0x20 /usr/lib/gcc/arm-none-eabi/9.2.1/../../../arm-none-eabi/lib/thumb/v7-m/nofp/libc.a(lib_a-memcpy.o)
 .debug_aranges
                0x00000000000003e8       0x20 /usr/lib/gcc/arm-none-eabi/9.2.1/../../../arm-none-eabi/lib/thumb/v7-m/nofp/libc.a(lib_a-memmove.o)
 .debug_aranges
                0x0000000000000408       0x20 /usr/lib/gcc/arm-none-eabi/9.2.1/../../../arm-none-eabi/lib/thumb/v7-m/nofp/libc.a(lib_a-reallocr.o)
 .debug_aranges
                0x0000000000000428       0x20 /usr/lib/gcc/arm-none-eabi/9.2.1/../../../arm-none-eabi/lib/thumb/v7-m/nofp/libc.a(lib_a-reent.o)
 .debug_aranges
                0x0000000000000448       0x20 /usr/lib/gcc/arm-none-eabi/9.2.1/../../../arm-none-eabi/lib/thumb/v7-m/nofp/libc.a(lib_a-stdio.o)
 .debug_aranges
                0x0000000000000468       0x20 /usr/lib/gcc/arm-none-eabi/9.2.1/../../../arm-none-eabi/lib/thumb/v7-m/nofp/libc.a(lib_a-writer.o)
 .debug_aranges
                0x0000000000000488       0x20 /usr/lib/gcc/arm-none-eabi/9.2.1/../../../arm-none-eabi/lib/thumb/v7-m/nofp/libc.a(lib_a-wsetup.o)
 .debug_aranges
                0x00000000000004a8       0x20 /usr/lib/gcc/arm-none-eabi/9.2.1/../../../arm-none-eabi/lib/thumb/v7-m/nofp/libc.a(lib_a-closer.o)
 .debug_aranges
                0x00000000000004c8       0x20 /usr/lib/gcc/arm-none-eabi/9.2.1/../../../arm-none-eabi/lib/thumb/v7-m/nofp/libc.a(lib_a-fclose.o)
 .debug_aranges
                0x00000000000004e8       0x20 /usr/lib/gcc/arm-none-eabi/9.2.1/../../../arm-none-eabi/lib/thumb/v7-m/nofp/libc.a(lib_a-fflush.o)
 .debug_aranges
                0x0000000000000508       0x20 /usr/lib/gcc/arm-none-eabi/9.2.1/../../../arm-none-eabi/lib/thumb/v7-m/nofp/libc.a(lib_a-lseekr.o)
 .debug_aranges
                0x0000000000000528       0x20 /usr/lib/gcc/arm-none-eabi/9.2.1/../../../arm-none-eabi/lib/thumb/v7-m/nofp/libc.a(lib_a-makebuf.o)
 .debug_aranges
                0x0000000000000548       0x20 /usr/lib/gcc/arm-none-eabi/9.2.1/../../../arm-none-eabi/lib/thumb/v7-m/nofp/libc.a(lib_a-readr.o)
 .debug_aranges
                0x0000000000000568       0x20 /usr/lib/gcc/arm-none-eabi/9.2.1/../../../arm-none-eabi/lib/thumb/v7-m/nofp/libc.a(lib_a-fstatr.o)
 .debug_aranges
                0x0000000000000588       0x20 /usr/lib/gcc/arm-none-eabi/9.2.1/../../../arm-none-eabi/lib/thumb/v7-m/nofp/libc.a(lib_a-isattyr.o)
 .debug_aranges
                0x00000000000005a8       0x20 /usr/lib/gcc/arm-none-eabi/9.2.1/../../../arm-none-eabi/lib/thumb/v7-m/nofp/libnosys.a(close.o)
 .debug_aranges
                0x00000000000005c8       0x20 /usr/lib/gcc/arm-none-eabi/9.2.1/../../../arm-none-eabi/lib/thumb/v7-m/nofp/libnosys.a(fstat.o)
 .debug_aranges
                0x00000000000005e8       0x20 /usr/lib/gcc/arm-none-eabi/9.2.1/../../../arm-none-eabi/lib/thumb/v7-m/nofp/libnosys.a(isatty.o)
 .debug_aranges
                0x0000000000000608       0x20 /usr/lib/gcc/arm-none-eabi/9.2.1/../../../arm-none-eabi/lib/thumb/v7-m/nofp/libnosys.a(lseek.o)
 .debug_aranges
                0x0000000000000628       0x20 /usr/lib/gcc/arm-none-eabi/9.2.1/../../../arm-none-eabi/lib/thumb/v7-m/nofp/libnosys.a(read.o)
 .debug_aranges
                0x0000000000000648       0x20 /usr/lib/gcc/arm-none-eabi/9.2.1/../../../arm-none-eabi/lib/thumb/v7-m/nofp/libnosys.a(sbrk.o)
 .debug_aranges
                0x0000000000000668       0x20 /usr/lib/gcc/arm-none-eabi/9.2.1/../../../arm-none-eabi/lib/thumb/v7-m/nofp/libnosys.a(write.o)

.debug_ranges   0x0000000000000000      0x538
 .debug_ranges  0x0000000000000000       0x20 build/digital.o
 .debug_ranges  0x0000000000000020       0x28 build/spi.o
 .debug_ranges  0x0000000000000048       0x40 build/mcp23s17.o
 .debug_ranges  0x0000000000000088       0x18 build/system_LPC17xx.o
 .debug_ranges  0x00000000000000a0       0x18 build/startup_LPC17xx.o
 .debug_ranges  0x00000000000000b8       0x10 build/main.o
 .debug_ranges  0x00000000000000c8       0x38 build/timer.o
 .debug_ranges  0x0000000000000100       0x48 build/delay.o
 .debug_ranges  0x0000000000000148       0x38 /usr/lib/gcc/arm-none-eabi/9.2.1/../../../arm-none-eabi/lib/thumb/v7-m/nofp/libc.a(lib_a-mallocr.o)
 .debug_ranges  0x0000000000000180       0x20 /usr/lib/gcc/arm-none-eabi/9.2.1/../../../arm-none-eabi/lib/thumb/v7-m/nofp/libc.a(lib_a-puts.o)
 .debug_ranges  0x00000000000001a0       0x10 /usr/lib/gcc/arm-none-eabi/9.2.1/../../../arm-none-eabi/lib/thumb/v7-m/nofp/libc.a(lib_a-strlen-stub.o)
 .debug_ranges  0x00000000000001b0       0x38 /usr/lib/gcc/arm-none-eabi/9.2.1/../../../arm-none-eabi/lib/thumb/v7-m/nofp/libc.a(lib_a-__call_atexit.o)
 .debug_ranges  0x00000000000001e8      0x118 /usr/lib/gcc/arm-none-eabi/9.2.1/../../../arm-none-eabi/lib/thumb/v7-m/nofp/libc.a(lib_a-findfp.o)
 .debug_ranges  0x0000000000000300       0x28 /usr/lib/gcc/arm-none-eabi/9.2.1/../../../arm-none-eabi/lib/thumb/v7-m/nofp/libc.a(lib_a-fvwrite.o)
 .debug_ranges  0x0000000000000328      0x128 /usr/lib/gcc/arm-none-eabi/9.2.1/../../../arm-none-eabi/lib/thumb/v7-m/nofp/libc.a(lib_a-reallocr.o)
 .debug_ranges  0x0000000000000450       0x30 /usr/lib/gcc/arm-none-eabi/9.2.1/../../../arm-none-eabi/lib/thumb/v7-m/nofp/libc.a(lib_a-wsetup.o)
 .debug_ranges  0x0000000000000480       0x30 /usr/lib/gcc/arm-none-eabi/9.2.1/../../../arm-none-eabi/lib/thumb/v7-m/nofp/libc.a(lib_a-fclose.o)
 .debug_ranges  0x00000000000004b0       0x70 /usr/lib/gcc/arm-none-eabi/9.2.1/../../../arm-none-eabi/lib/thumb/v7-m/nofp/libc.a(lib_a-fflush.o)
 .debug_ranges  0x0000000000000520       0x18 /usr/lib/gcc/arm-none-eabi/9.2.1/../../../arm-none-eabi/lib/thumb/v7-m/nofp/libc.a(lib_a-makebuf.o)

.debug_line     0x0000000000000000     0x65f7
 .debug_line    0x0000000000000000      0x149 build/digital.o
 .debug_line    0x0000000000000149      0x146 build/spi.o
 .debug_line    0x000000000000028f      0x28f build/mcp23s17.o
 .debug_line    0x000000000000051e      0x2b1 build/system_LPC17xx.o
 .debug_line    0x00000000000007cf       0xf7 build/startup_LPC17xx.o
 .debug_line    0x00000000000008c6       0xc0 build/main.o
 .debug_line    0x0000000000000986      0x17a build/timer.o
 .debug_line    0x0000000000000b00      0x1db build/delay.o
 .debug_line    0x0000000000000cdb      0x14a /usr/lib/gcc/arm-none-eabi/9.2.1/../../../arm-none-eabi/lib/thumb/v7-m/nofp/libc.a(lib_a-atexit.o)
 .debug_line    0x0000000000000e25       0xd7 /usr/lib/gcc/arm-none-eabi/9.2.1/../../../arm-none-eabi/lib/thumb/v7-m/nofp/libc.a(lib_a-fini.o)
 .debug_line    0x0000000000000efc       0xe3 /usr/lib/gcc/arm-none-eabi/9.2.1/../../../arm-none-eabi/lib/thumb/v7-m/nofp/libc.a(lib_a-impure.o)
 .debug_line    0x0000000000000fdf      0x88c /usr/lib/gcc/arm-none-eabi/9.2.1/../../../arm-none-eabi/lib/thumb/v7-m/nofp/libc.a(lib_a-mallocr.o)
 .debug_line    0x000000000000186b      0x26b /usr/lib/gcc/arm-none-eabi/9.2.1/../../../arm-none-eabi/lib/thumb/v7-m/nofp/libc.a(lib_a-memset.o)
 .debug_line    0x0000000000001ad6      0x13d /usr/lib/gcc/arm-none-eabi/9.2.1/../../../arm-none-eabi/lib/thumb/v7-m/nofp/libc.a(lib_a-mlock.o)
 .debug_line    0x0000000000001c13      0x21b /usr/lib/gcc/arm-none-eabi/9.2.1/../../../arm-none-eabi/lib/thumb/v7-m/nofp/libc.a(lib_a-puts.o)
 .debug_line    0x0000000000001e2e      0x182 /usr/lib/gcc/arm-none-eabi/9.2.1/../../../arm-none-eabi/lib/thumb/v7-m/nofp/libc.a(lib_a-sbrkr.o)
 .debug_line    0x0000000000001fb0      0x14e /usr/lib/gcc/arm-none-eabi/9.2.1/../../../arm-none-eabi/lib/thumb/v7-m/nofp/libc.a(lib_a-strlen-stub.o)
 .debug_line    0x00000000000020fe      0x1e7 /usr/lib/gcc/arm-none-eabi/9.2.1/../../../arm-none-eabi/lib/thumb/v7-m/nofp/libc.a(lib_a-__atexit.o)
 .debug_line    0x00000000000022e5      0x23d /usr/lib/gcc/arm-none-eabi/9.2.1/../../../arm-none-eabi/lib/thumb/v7-m/nofp/libc.a(lib_a-__call_atexit.o)
 .debug_line    0x0000000000002522      0x52a /usr/lib/gcc/arm-none-eabi/9.2.1/../../../arm-none-eabi/lib/thumb/v7-m/nofp/libc.a(lib_a-findfp.o)
 .debug_line    0x0000000000002a4c      0x518 /usr/lib/gcc/arm-none-eabi/9.2.1/../../../arm-none-eabi/lib/thumb/v7-m/nofp/libc.a(lib_a-freer.o)
 .debug_line    0x0000000000002f64      0x5fb /usr/lib/gcc/arm-none-eabi/9.2.1/../../../arm-none-eabi/lib/thumb/v7-m/nofp/libc.a(lib_a-fvwrite.o)
 .debug_line    0x000000000000355f      0x26d /usr/lib/gcc/arm-none-eabi/9.2.1/../../../arm-none-eabi/lib/thumb/v7-m/nofp/libc.a(lib_a-fwalk.o)
 .debug_line    0x00000000000037cc      0x20c /usr/lib/gcc/arm-none-eabi/9.2.1/../../../arm-none-eabi/lib/thumb/v7-m/nofp/libc.a(lib_a-memchr-stub.o)
 .debug_line    0x00000000000039d8       0xc1 /usr/lib/gcc/arm-none-eabi/9.2.1/../../../arm-none-eabi/lib/thumb/v7-m/nofp/libc.a(lib_a-memcpy.o)
 .debug_line    0x0000000000003a99      0x28c /usr/lib/gcc/arm-none-eabi/9.2.1/../../../arm-none-eabi/lib/thumb/v7-m/nofp/libc.a(lib_a-memmove.o)
 .debug_line    0x0000000000003d25      0x66d /usr/lib/gcc/arm-none-eabi/9.2.1/../../../arm-none-eabi/lib/thumb/v7-m/nofp/libc.a(lib_a-reallocr.o)
 .debug_line    0x0000000000004392      0x21b /usr/lib/gcc/arm-none-eabi/9.2.1/../../../arm-none-eabi/lib/thumb/v7-m/nofp/libc.a(lib_a-reent.o)
 .debug_line    0x00000000000045ad      0x260 /usr/lib/gcc/arm-none-eabi/9.2.1/../../../arm-none-eabi/lib/thumb/v7-m/nofp/libc.a(lib_a-stdio.o)
 .debug_line    0x000000000000480d      0x187 /usr/lib/gcc/arm-none-eabi/9.2.1/../../../arm-none-eabi/lib/thumb/v7-m/nofp/libc.a(lib_a-writer.o)
 .debug_line    0x0000000000004994      0x2c5 /usr/lib/gcc/arm-none-eabi/9.2.1/../../../arm-none-eabi/lib/thumb/v7-m/nofp/libc.a(lib_a-wsetup.o)
 .debug_line    0x0000000000004c59      0x182 /usr/lib/gcc/arm-none-eabi/9.2.1/../../../arm-none-eabi/lib/thumb/v7-m/nofp/libc.a(lib_a-closer.o)
 .debug_line    0x0000000000004ddb      0x23d /usr/lib/gcc/arm-none-eabi/9.2.1/../../../arm-none-eabi/lib/thumb/v7-m/nofp/libc.a(lib_a-fclose.o)
 .debug_line    0x0000000000005018      0x427 /usr/lib/gcc/arm-none-eabi/9.2.1/../../../arm-none-eabi/lib/thumb/v7-m/nofp/libc.a(lib_a-fflush.o)
 .debug_line    0x000000000000543f      0x187 /usr/lib/gcc/arm-none-eabi/9.2.1/../../../arm-none-eabi/lib/thumb/v7-m/nofp/libc.a(lib_a-lseekr.o)
 .debug_line    0x00000000000055c6      0x376 /usr/lib/gcc/arm-none-eabi/9.2.1/../../../arm-none-eabi/lib/thumb/v7-m/nofp/libc.a(lib_a-makebuf.o)
 .debug_line    0x000000000000593c      0x186 /usr/lib/gcc/arm-none-eabi/9.2.1/../../../arm-none-eabi/lib/thumb/v7-m/nofp/libc.a(lib_a-readr.o)
 .debug_line    0x0000000000005ac2      0x212 /usr/lib/gcc/arm-none-eabi/9.2.1/../../../arm-none-eabi/lib/thumb/v7-m/nofp/libc.a(lib_a-fstatr.o)
 .debug_line    0x0000000000005cd4      0x183 /usr/lib/gcc/arm-none-eabi/9.2.1/../../../arm-none-eabi/lib/thumb/v7-m/nofp/libc.a(lib_a-isattyr.o)
 .debug_line    0x0000000000005e57      0x110 /usr/lib/gcc/arm-none-eabi/9.2.1/../../../arm-none-eabi/lib/thumb/v7-m/nofp/libnosys.a(close.o)
 .debug_line    0x0000000000005f67      0x1d4 /usr/lib/gcc/arm-none-eabi/9.2.1/../../../arm-none-eabi/lib/thumb/v7-m/nofp/libnosys.a(fstat.o)
 .debug_line    0x000000000000613b      0x111 /usr/lib/gcc/arm-none-eabi/9.2.1/../../../arm-none-eabi/lib/thumb/v7-m/nofp/libnosys.a(isatty.o)
 .debug_line    0x000000000000624c      0x111 /usr/lib/gcc/arm-none-eabi/9.2.1/../../../arm-none-eabi/lib/thumb/v7-m/nofp/libnosys.a(lseek.o)
 .debug_line    0x000000000000635d      0x110 /usr/lib/gcc/arm-none-eabi/9.2.1/../../../arm-none-eabi/lib/thumb/v7-m/nofp/libnosys.a(read.o)
 .debug_line    0x000000000000646d       0x79 /usr/lib/gcc/arm-none-eabi/9.2.1/../../../arm-none-eabi/lib/thumb/v7-m/nofp/libnosys.a(sbrk.o)
 .debug_line    0x00000000000064e6      0x111 /usr/lib/gcc/arm-none-eabi/9.2.1/../../../arm-none-eabi/lib/thumb/v7-m/nofp/libnosys.a(write.o)

.debug_str      0x0000000000000000     0x2464
 .debug_str     0x0000000000000000      0x36a build/digital.o
                                        0x3a7 (size before relaxing)
 .debug_str     0x000000000000036a       0x4a build/spi.o
                                        0x257 (size before relaxing)
 .debug_str     0x00000000000003b4      0x41b build/mcp23s17.o
                                        0x6ae (size before relaxing)
 .debug_str     0x00000000000007cf      0x172 build/system_LPC17xx.o
                                        0x3a1 (size before relaxing)
 .debug_str     0x0000000000000941       0xa4 build/startup_LPC17xx.o
                                        0x2c9 (size before relaxing)
 .debug_str     0x00000000000009e5       0x1d build/main.o
                                        0x600 (size before relaxing)
 .debug_str     0x0000000000000a02      0x31e build/timer.o
                                        0x69a (size before relaxing)
 .debug_str     0x0000000000000d20       0x84 build/delay.o
                                        0x581 (size before relaxing)
 .debug_str     0x0000000000000da4      0x174 /usr/lib/gcc/arm-none-eabi/9.2.1/../../../arm-none-eabi/lib/thumb/v7-m/nofp/libc.a(lib_a-atexit.o)
                                        0x5e3 (size before relaxing)
 .debug_str     0x0000000000000f18       0xbd /usr/lib/gcc/arm-none-eabi/9.2.1/../../../arm-none-eabi/lib/thumb/v7-m/nofp/libc.a(lib_a-fini.o)
                                        0x1f2 (size before relaxing)
 .debug_str     0x0000000000000fd5       0x97 /usr/lib/gcc/arm-none-eabi/9.2.1/../../../arm-none-eabi/lib/thumb/v7-m/nofp/libc.a(lib_a-impure.o)
                                        0x598 (size before relaxing)
 .debug_str     0x000000000000106c      0x272 /usr/lib/gcc/arm-none-eabi/9.2.1/../../../arm-none-eabi/lib/thumb/v7-m/nofp/libc.a(lib_a-mallocr.o)
                                        0x800 (size before relaxing)
 .debug_str     0x00000000000012de      0x313 /usr/lib/gcc/arm-none-eabi/9.2.1/../../../arm-none-eabi/lib/thumb/v7-m/nofp/libc.a(lib_a-memset.o)
                                        0x8c5 (size before relaxing)
 .debug_str     0x00000000000015f1       0x4c /usr/lib/gcc/arm-none-eabi/9.2.1/../../../arm-none-eabi/lib/thumb/v7-m/nofp/libc.a(lib_a-mlock.o)
                                        0x5c4 (size before relaxing)
 .debug_str     0x000000000000163d      0x1f8 /usr/lib/gcc/arm-none-eabi/9.2.1/../../../arm-none-eabi/lib/thumb/v7-m/nofp/libc.a(lib_a-puts.o)
                                        0x74d (size before relaxing)
 .debug_str     0x0000000000001835       0x47 /usr/lib/gcc/arm-none-eabi/9.2.1/../../../arm-none-eabi/lib/thumb/v7-m/nofp/libc.a(lib_a-sbrkr.o)
                                        0x5db (size before relaxing)
 .debug_str     0x000000000000187c       0x9f /usr/lib/gcc/arm-none-eabi/9.2.1/../../../arm-none-eabi/lib/thumb/v7-m/nofp/libc.a(lib_a-strlen-stub.o)
                                        0x5ae (size before relaxing)
 .debug_str     0x000000000000191b       0x54 /usr/lib/gcc/arm-none-eabi/9.2.1/../../../arm-none-eabi/lib/thumb/v7-m/nofp/libc.a(lib_a-__atexit.o)
                                        0x601 (size before relaxing)
 .debug_str     0x000000000000196f       0x79 /usr/lib/gcc/arm-none-eabi/9.2.1/../../../arm-none-eabi/lib/thumb/v7-m/nofp/libc.a(lib_a-__call_atexit.o)
                                        0x614 (size before relaxing)
 .debug_str     0x00000000000019e8      0x178 /usr/lib/gcc/arm-none-eabi/9.2.1/../../../arm-none-eabi/lib/thumb/v7-m/nofp/libc.a(lib_a-findfp.o)
                                        0x85a (size before relaxing)
 .debug_str     0x0000000000001b60       0x34 /usr/lib/gcc/arm-none-eabi/9.2.1/../../../arm-none-eabi/lib/thumb/v7-m/nofp/libc.a(lib_a-freer.o)
                                        0x779 (size before relaxing)
 .debug_str     0x0000000000001b94       0x89 /usr/lib/gcc/arm-none-eabi/9.2.1/../../../arm-none-eabi/lib/thumb/v7-m/nofp/libc.a(lib_a-fvwrite.o)
                                        0x79b (size before relaxing)
 .debug_str     0x0000000000001c1d       0x41 /usr/lib/gcc/arm-none-eabi/9.2.1/../../../arm-none-eabi/lib/thumb/v7-m/nofp/libc.a(lib_a-fwalk.o)
                                        0x70e (size before relaxing)
 .debug_str     0x0000000000001c5e       0x5b /usr/lib/gcc/arm-none-eabi/9.2.1/../../../arm-none-eabi/lib/thumb/v7-m/nofp/libc.a(lib_a-memchr-stub.o)
                                        0x5c8 (size before relaxing)
 .debug_str     0x0000000000001cb9       0x4f /usr/lib/gcc/arm-none-eabi/9.2.1/../../../arm-none-eabi/lib/thumb/v7-m/nofp/libc.a(lib_a-memcpy.o)
                                         0xad (size before relaxing)
 .debug_str     0x0000000000001d08       0x56 /usr/lib/gcc/arm-none-eabi/9.2.1/../../../arm-none-eabi/lib/thumb/v7-m/nofp/libc.a(lib_a-memmove.o)
                                        0x8e4 (size before relaxing)
 .debug_str     0x0000000000001d5e       0x4e /usr/lib/gcc/arm-none-eabi/9.2.1/../../../arm-none-eabi/lib/thumb/v7-m/nofp/libc.a(lib_a-reallocr.o)
                                        0x7b7 (size before relaxing)
 .debug_str     0x0000000000001dac       0x5e /usr/lib/gcc/arm-none-eabi/9.2.1/../../../arm-none-eabi/lib/thumb/v7-m/nofp/libc.a(lib_a-reent.o)
                                        0x5d4 (size before relaxing)
 .debug_str     0x0000000000001e0a       0x92 /usr/lib/gcc/arm-none-eabi/9.2.1/../../../arm-none-eabi/lib/thumb/v7-m/nofp/libc.a(lib_a-stdio.o)
                                        0x762 (size before relaxing)
 .debug_str     0x0000000000001e9c       0x33 /usr/lib/gcc/arm-none-eabi/9.2.1/../../../arm-none-eabi/lib/thumb/v7-m/nofp/libc.a(lib_a-writer.o)
                                        0x5d8 (size before relaxing)
 .debug_str     0x0000000000001ecf       0x40 /usr/lib/gcc/arm-none-eabi/9.2.1/../../../arm-none-eabi/lib/thumb/v7-m/nofp/libc.a(lib_a-wsetup.o)
                                        0x71c (size before relaxing)
 .debug_str     0x0000000000001f0f       0x33 /usr/lib/gcc/arm-none-eabi/9.2.1/../../../arm-none-eabi/lib/thumb/v7-m/nofp/libc.a(lib_a-closer.o)
                                        0x5c8 (size before relaxing)
 .debug_str     0x0000000000001f42       0x54 /usr/lib/gcc/arm-none-eabi/9.2.1/../../../arm-none-eabi/lib/thumb/v7-m/nofp/libc.a(lib_a-fclose.o)
                                        0x733 (size before relaxing)
 .debug_str     0x0000000000001f96       0x4b /usr/lib/gcc/arm-none-eabi/9.2.1/../../../arm-none-eabi/lib/thumb/v7-m/nofp/libc.a(lib_a-fflush.o)
                                        0x74a (size before relaxing)
 .debug_str     0x0000000000001fe1       0x3a /usr/lib/gcc/arm-none-eabi/9.2.1/../../../arm-none-eabi/lib/thumb/v7-m/nofp/libc.a(lib_a-lseekr.o)
                                        0x5d6 (size before relaxing)
 .debug_str     0x000000000000201b      0x16c /usr/lib/gcc/arm-none-eabi/9.2.1/../../../arm-none-eabi/lib/thumb/v7-m/nofp/libc.a(lib_a-makebuf.o)
                                        0x88f (size before relaxing)
 .debug_str     0x0000000000002187       0x32 /usr/lib/gcc/arm-none-eabi/9.2.1/../../../arm-none-eabi/lib/thumb/v7-m/nofp/libc.a(lib_a-readr.o)
                                        0x5d6 (size before relaxing)
 .debug_str     0x00000000000021b9       0x40 /usr/lib/gcc/arm-none-eabi/9.2.1/../../../arm-none-eabi/lib/thumb/v7-m/nofp/libc.a(lib_a-fstatr.o)
                                        0x736 (size before relaxing)
 .debug_str     0x00000000000021f9       0x3c /usr/lib/gcc/arm-none-eabi/9.2.1/../../../arm-none-eabi/lib/thumb/v7-m/nofp/libc.a(lib_a-isattyr.o)
                                        0x5d2 (size before relaxing)
 .debug_str     0x0000000000002235      0x108 /usr/lib/gcc/arm-none-eabi/9.2.1/../../../arm-none-eabi/lib/thumb/v7-m/nofp/libnosys.a(close.o)
                                        0x599 (size before relaxing)
 .debug_str     0x000000000000233d       0x2f /usr/lib/gcc/arm-none-eabi/9.2.1/../../../arm-none-eabi/lib/thumb/v7-m/nofp/libnosys.a(fstat.o)
                                        0x701 (size before relaxing)
 .debug_str     0x000000000000236c       0x30 /usr/lib/gcc/arm-none-eabi/9.2.1/../../../arm-none-eabi/lib/thumb/v7-m/nofp/libnosys.a(isatty.o)
                                        0x5a0 (size before relaxing)
 .debug_str     0x000000000000239c       0x2f /usr/lib/gcc/arm-none-eabi/9.2.1/../../../arm-none-eabi/lib/thumb/v7-m/nofp/libnosys.a(lseek.o)
                                        0x59e (size before relaxing)
 .debug_str     0x00000000000023cb       0x2e /usr/lib/gcc/arm-none-eabi/9.2.1/../../../arm-none-eabi/lib/thumb/v7-m/nofp/libnosys.a(read.o)
                                        0x596 (size before relaxing)
 .debug_str     0x00000000000023f9       0x3c /usr/lib/gcc/arm-none-eabi/9.2.1/../../../arm-none-eabi/lib/thumb/v7-m/nofp/libnosys.a(sbrk.o)
                                        0x127 (size before relaxing)
 .debug_str     0x0000000000002435       0x2f /usr/lib/gcc/arm-none-eabi/9.2.1/../../../arm-none-eabi/lib/thumb/v7-m/nofp/libnosys.a(write.o)
                                        0x597 (size before relaxing)

.debug_frame    0x0000000000000000      0xe58
 .debug_frame   0x0000000000000000       0x88 build/digital.o
 .debug_frame   0x0000000000000088       0x8c build/spi.o
 .debug_frame   0x0000000000000114      0x110 build/mcp23s17.o
 .debug_frame   0x0000000000000224       0x50 build/system_LPC17xx.o
 .debug_frame   0x0000000000000274       0x58 build/startup_LPC17xx.o
 .debug_frame   0x00000000000002cc       0x2c build/main.o
 .debug_frame   0x00000000000002f8       0xe8 build/timer.o
 .debug_frame   0x00000000000003e0      0x124 build/delay.o
 .debug_frame   0x0000000000000504       0x20 /usr/lib/gcc/arm-none-eabi/9.2.1/../../../arm-none-eabi/lib/thumb/v7-m/nofp/libc.a(lib_a-atexit.o)
 .debug_frame   0x0000000000000524       0x34 /usr/lib/gcc/arm-none-eabi/9.2.1/../../../arm-none-eabi/lib/thumb/v7-m/nofp/libc.a(lib_a-fini.o)
 .debug_frame   0x0000000000000558       0x4c /usr/lib/gcc/arm-none-eabi/9.2.1/../../../arm-none-eabi/lib/thumb/v7-m/nofp/libc.a(lib_a-mallocr.o)
 .debug_frame   0x00000000000005a4       0x38 /usr/lib/gcc/arm-none-eabi/9.2.1/../../../arm-none-eabi/lib/thumb/v7-m/nofp/libc.a(lib_a-memset.o)
 .debug_frame   0x00000000000005dc       0x30 /usr/lib/gcc/arm-none-eabi/9.2.1/../../../arm-none-eabi/lib/thumb/v7-m/nofp/libc.a(lib_a-mlock.o)
 .debug_frame   0x000000000000060c       0x44 /usr/lib/gcc/arm-none-eabi/9.2.1/../../../arm-none-eabi/lib/thumb/v7-m/nofp/libc.a(lib_a-puts.o)
 .debug_frame   0x0000000000000650       0x2c /usr/lib/gcc/arm-none-eabi/9.2.1/../../../arm-none-eabi/lib/thumb/v7-m/nofp/libc.a(lib_a-sbrkr.o)
 .debug_frame   0x000000000000067c       0x20 /usr/lib/gcc/arm-none-eabi/9.2.1/../../../arm-none-eabi/lib/thumb/v7-m/nofp/libc.a(lib_a-strlen-stub.o)
 .debug_frame   0x000000000000069c       0x38 /usr/lib/gcc/arm-none-eabi/9.2.1/../../../arm-none-eabi/lib/thumb/v7-m/nofp/libc.a(lib_a-__atexit.o)
 .debug_frame   0x00000000000006d4       0x50 /usr/lib/gcc/arm-none-eabi/9.2.1/../../../arm-none-eabi/lib/thumb/v7-m/nofp/libc.a(lib_a-__call_atexit.o)
 .debug_frame   0x0000000000000724      0x120 /usr/lib/gcc/arm-none-eabi/9.2.1/../../../arm-none-eabi/lib/thumb/v7-m/nofp/libc.a(lib_a-findfp.o)
 .debug_frame   0x0000000000000844       0x8c /usr/lib/gcc/arm-none-eabi/9.2.1/../../../arm-none-eabi/lib/thumb/v7-m/nofp/libc.a(lib_a-freer.o)
 .debug_frame   0x00000000000008d0       0x64 /usr/lib/gcc/arm-none-eabi/9.2.1/../../../arm-none-eabi/lib/thumb/v7-m/nofp/libc.a(lib_a-fvwrite.o)
 .debug_frame   0x0000000000000934       0x54 /usr/lib/gcc/arm-none-eabi/9.2.1/../../../arm-none-eabi/lib/thumb/v7-m/nofp/libc.a(lib_a-fwalk.o)
 .debug_frame   0x0000000000000988       0x34 /usr/lib/gcc/arm-none-eabi/9.2.1/../../../arm-none-eabi/lib/thumb/v7-m/nofp/libc.a(lib_a-memchr-stub.o)
 .debug_frame   0x00000000000009bc       0x40 /usr/lib/gcc/arm-none-eabi/9.2.1/../../../arm-none-eabi/lib/thumb/v7-m/nofp/libc.a(lib_a-memmove.o)
 .debug_frame   0x00000000000009fc       0x48 /usr/lib/gcc/arm-none-eabi/9.2.1/../../../arm-none-eabi/lib/thumb/v7-m/nofp/libc.a(lib_a-reallocr.o)
 .debug_frame   0x0000000000000a44       0x60 /usr/lib/gcc/arm-none-eabi/9.2.1/../../../arm-none-eabi/lib/thumb/v7-m/nofp/libc.a(lib_a-reent.o)
 .debug_frame   0x0000000000000aa4       0x8c /usr/lib/gcc/arm-none-eabi/9.2.1/../../../arm-none-eabi/lib/thumb/v7-m/nofp/libc.a(lib_a-stdio.o)
 .debug_frame   0x0000000000000b30       0x30 /usr/lib/gcc/arm-none-eabi/9.2.1/../../../arm-none-eabi/lib/thumb/v7-m/nofp/libc.a(lib_a-writer.o)
 .debug_frame   0x0000000000000b60       0x2c /usr/lib/gcc/arm-none-eabi/9.2.1/../../../arm-none-eabi/lib/thumb/v7-m/nofp/libc.a(lib_a-wsetup.o)
 .debug_frame   0x0000000000000b8c       0x2c /usr/lib/gcc/arm-none-eabi/9.2.1/../../../arm-none-eabi/lib/thumb/v7-m/nofp/libc.a(lib_a-closer.o)
 .debug_frame   0x0000000000000bb8       0x3c /usr/lib/gcc/arm-none-eabi/9.2.1/../../../arm-none-eabi/lib/thumb/v7-m/nofp/libc.a(lib_a-fclose.o)
 .debug_frame   0x0000000000000bf4       0x68 /usr/lib/gcc/arm-none-eabi/9.2.1/../../../arm-none-eabi/lib/thumb/v7-m/nofp/libc.a(lib_a-fflush.o)
 .debug_frame   0x0000000000000c5c       0x30 /usr/lib/gcc/arm-none-eabi/9.2.1/../../../arm-none-eabi/lib/thumb/v7-m/nofp/libc.a(lib_a-lseekr.o)
 .debug_frame   0x0000000000000c8c       0x64 /usr/lib/gcc/arm-none-eabi/9.2.1/../../../arm-none-eabi/lib/thumb/v7-m/nofp/libc.a(lib_a-makebuf.o)
 .debug_frame   0x0000000000000cf0       0x30 /usr/lib/gcc/arm-none-eabi/9.2.1/../../../arm-none-eabi/lib/thumb/v7-m/nofp/libc.a(lib_a-readr.o)
 .debug_frame   0x0000000000000d20       0x2c /usr/lib/gcc/arm-none-eabi/9.2.1/../../../arm-none-eabi/lib/thumb/v7-m/nofp/libc.a(lib_a-fstatr.o)
 .debug_frame   0x0000000000000d4c       0x2c /usr/lib/gcc/arm-none-eabi/9.2.1/../../../arm-none-eabi/lib/thumb/v7-m/nofp/libc.a(lib_a-isattyr.o)
 .debug_frame   0x0000000000000d78       0x20 /usr/lib/gcc/arm-none-eabi/9.2.1/../../../arm-none-eabi/lib/thumb/v7-m/nofp/libnosys.a(close.o)
 .debug_frame   0x0000000000000d98       0x20 /usr/lib/gcc/arm-none-eabi/9.2.1/../../../arm-none-eabi/lib/thumb/v7-m/nofp/libnosys.a(fstat.o)
 .debug_frame   0x0000000000000db8       0x20 /usr/lib/gcc/arm-none-eabi/9.2.1/../../../arm-none-eabi/lib/thumb/v7-m/nofp/libnosys.a(isatty.o)
 .debug_frame   0x0000000000000dd8       0x20 /usr/lib/gcc/arm-none-eabi/9.2.1/../../../arm-none-eabi/lib/thumb/v7-m/nofp/libnosys.a(lseek.o)
 .debug_frame   0x0000000000000df8       0x20 /usr/lib/gcc/arm-none-eabi/9.2.1/../../../arm-none-eabi/lib/thumb/v7-m/nofp/libnosys.a(read.o)
 .debug_frame   0x0000000000000e18       0x20 /usr/lib/gcc/arm-none-eabi/9.2.1/../../../arm-none-eabi/lib/thumb/v7-m/nofp/libnosys.a(sbrk.o)
 .debug_frame   0x0000000000000e38       0x20 /usr/lib/gcc/arm-none-eabi/9.2.1/../../../arm-none-eabi/lib/thumb/v7-m/nofp/libnosys.a(write.o)

.debug_loc      0x0000000000000000     0x51a1
 .debug_loc     0x0000000000000000       0x32 /usr/lib/gcc/arm-none-eabi/9.2.1/../../../arm-none-eabi/lib/thumb/v7-m/nofp/libc.a(lib_a-atexit.o)
 .debug_loc     0x0000000000000032       0x68 /usr/lib/gcc/arm-none-eabi/9.2.1/../../../arm-none-eabi/lib/thumb/v7-m/nofp/libc.a(lib_a-fini.o)
 .debug_loc     0x000000000000009a      0xf1c /usr/lib/gcc/arm-none-eabi/9.2.1/../../../arm-none-eabi/lib/thumb/v7-m/nofp/libc.a(lib_a-mallocr.o)
 .debug_loc     0x0000000000000fb6      0x231 /usr/lib/gcc/arm-none-eabi/9.2.1/../../../arm-none-eabi/lib/thumb/v7-m/nofp/libc.a(lib_a-memset.o)
 .debug_loc     0x00000000000011e7      0x10d /usr/lib/gcc/arm-none-eabi/9.2.1/../../../arm-none-eabi/lib/thumb/v7-m/nofp/libc.a(lib_a-puts.o)
 .debug_loc     0x00000000000012f4       0x6c /usr/lib/gcc/arm-none-eabi/9.2.1/../../../arm-none-eabi/lib/thumb/v7-m/nofp/libc.a(lib_a-sbrkr.o)
 .debug_loc     0x0000000000001360       0x25 /usr/lib/gcc/arm-none-eabi/9.2.1/../../../arm-none-eabi/lib/thumb/v7-m/nofp/libc.a(lib_a-strlen-stub.o)
 .debug_loc     0x0000000000001385      0x138 /usr/lib/gcc/arm-none-eabi/9.2.1/../../../arm-none-eabi/lib/thumb/v7-m/nofp/libc.a(lib_a-__atexit.o)
 .debug_loc     0x00000000000014bd      0x14a /usr/lib/gcc/arm-none-eabi/9.2.1/../../../arm-none-eabi/lib/thumb/v7-m/nofp/libc.a(lib_a-__call_atexit.o)
 .debug_loc     0x0000000000001607      0x32c /usr/lib/gcc/arm-none-eabi/9.2.1/../../../arm-none-eabi/lib/thumb/v7-m/nofp/libc.a(lib_a-findfp.o)
 .debug_loc     0x0000000000001933      0x701 /usr/lib/gcc/arm-none-eabi/9.2.1/../../../arm-none-eabi/lib/thumb/v7-m/nofp/libc.a(lib_a-freer.o)
 .debug_loc     0x0000000000002034      0x65b /usr/lib/gcc/arm-none-eabi/9.2.1/../../../arm-none-eabi/lib/thumb/v7-m/nofp/libc.a(lib_a-fvwrite.o)
 .debug_loc     0x000000000000268f      0x235 /usr/lib/gcc/arm-none-eabi/9.2.1/../../../arm-none-eabi/lib/thumb/v7-m/nofp/libc.a(lib_a-fwalk.o)
 .debug_loc     0x00000000000028c4      0x226 /usr/lib/gcc/arm-none-eabi/9.2.1/../../../arm-none-eabi/lib/thumb/v7-m/nofp/libc.a(lib_a-memchr-stub.o)
 .debug_loc     0x0000000000002aea      0x2e4 /usr/lib/gcc/arm-none-eabi/9.2.1/../../../arm-none-eabi/lib/thumb/v7-m/nofp/libc.a(lib_a-memmove.o)
 .debug_loc     0x0000000000002dce     0x1291 /usr/lib/gcc/arm-none-eabi/9.2.1/../../../arm-none-eabi/lib/thumb/v7-m/nofp/libc.a(lib_a-reallocr.o)
 .debug_loc     0x000000000000405f      0x152 /usr/lib/gcc/arm-none-eabi/9.2.1/../../../arm-none-eabi/lib/thumb/v7-m/nofp/libc.a(lib_a-reent.o)
 .debug_loc     0x00000000000041b1      0x3a0 /usr/lib/gcc/arm-none-eabi/9.2.1/../../../arm-none-eabi/lib/thumb/v7-m/nofp/libc.a(lib_a-stdio.o)
 .debug_loc     0x0000000000004551       0xd0 /usr/lib/gcc/arm-none-eabi/9.2.1/../../../arm-none-eabi/lib/thumb/v7-m/nofp/libc.a(lib_a-writer.o)
 .debug_loc     0x0000000000004621       0xa0 /usr/lib/gcc/arm-none-eabi/9.2.1/../../../arm-none-eabi/lib/thumb/v7-m/nofp/libc.a(lib_a-wsetup.o)
 .debug_loc     0x00000000000046c1       0x6c /usr/lib/gcc/arm-none-eabi/9.2.1/../../../arm-none-eabi/lib/thumb/v7-m/nofp/libc.a(lib_a-closer.o)
 .debug_loc     0x000000000000472d      0x179 /usr/lib/gcc/arm-none-eabi/9.2.1/../../../arm-none-eabi/lib/thumb/v7-m/nofp/libc.a(lib_a-fclose.o)
 .debug_loc     0x00000000000048a6      0x334 /usr/lib/gcc/arm-none-eabi/9.2.1/../../../arm-none-eabi/lib/thumb/v7-m/nofp/libc.a(lib_a-fflush.o)
 .debug_loc     0x0000000000004bda       0xd0 /usr/lib/gcc/arm-none-eabi/9.2.1/../../../arm-none-eabi/lib/thumb/v7-m/nofp/libc.a(lib_a-lseekr.o)
 .debug_loc     0x0000000000004caa      0x192 /usr/lib/gcc/arm-none-eabi/9.2.1/../../../arm-none-eabi/lib/thumb/v7-m/nofp/libc.a(lib_a-makebuf.o)
 .debug_loc     0x0000000000004e3c       0xd0 /usr/lib/gcc/arm-none-eabi/9.2.1/../../../arm-none-eabi/lib/thumb/v7-m/nofp/libc.a(lib_a-readr.o)
 .debug_loc     0x0000000000004f0c       0x9e /usr/lib/gcc/arm-none-eabi/9.2.1/../../../arm-none-eabi/lib/thumb/v7-m/nofp/libc.a(lib_a-fstatr.o)
 .debug_loc     0x0000000000004faa       0x6c /usr/lib/gcc/arm-none-eabi/9.2.1/../../../arm-none-eabi/lib/thumb/v7-m/nofp/libc.a(lib_a-isattyr.o)
 .debug_loc     0x0000000000005016       0x25 /usr/lib/gcc/arm-none-eabi/9.2.1/../../../arm-none-eabi/lib/thumb/v7-m/nofp/libnosys.a(close.o)
 .debug_loc     0x000000000000503b       0x25 /usr/lib/gcc/arm-none-eabi/9.2.1/../../../arm-none-eabi/lib/thumb/v7-m/nofp/libnosys.a(fstat.o)
 .debug_loc     0x0000000000005060       0x25 /usr/lib/gcc/arm-none-eabi/9.2.1/../../../arm-none-eabi/lib/thumb/v7-m/nofp/libnosys.a(isatty.o)
 .debug_loc     0x0000000000005085       0x4a /usr/lib/gcc/arm-none-eabi/9.2.1/../../../arm-none-eabi/lib/thumb/v7-m/nofp/libnosys.a(lseek.o)
 .debug_loc     0x00000000000050cf       0x4a /usr/lib/gcc/arm-none-eabi/9.2.1/../../../arm-none-eabi/lib/thumb/v7-m/nofp/libnosys.a(read.o)
 .debug_loc     0x0000000000005119       0x3e /usr/lib/gcc/arm-none-eabi/9.2.1/../../../arm-none-eabi/lib/thumb/v7-m/nofp/libnosys.a(sbrk.o)
 .debug_loc     0x0000000000005157       0x4a /usr/lib/gcc/arm-none-eabi/9.2.1/../../../arm-none-eabi/lib/thumb/v7-m/nofp/libnosys.a(write.o)

.stab           0x0000000000000000       0x9c
 .stab          0x0000000000000000       0x24 /usr/lib/gcc/arm-none-eabi/9.2.1/../../../arm-none-eabi/lib/thumb/v7-m/nofp/libnosys.a(close.o)
 .stab          0x0000000000000024       0x18 /usr/lib/gcc/arm-none-eabi/9.2.1/../../../arm-none-eabi/lib/thumb/v7-m/nofp/libnosys.a(fstat.o)
                                         0x24 (size before relaxing)
 .stab          0x000000000000003c       0x18 /usr/lib/gcc/arm-none-eabi/9.2.1/../../../arm-none-eabi/lib/thumb/v7-m/nofp/libnosys.a(isatty.o)
                                         0x24 (size before relaxing)
 .stab          0x0000000000000054       0x18 /usr/lib/gcc/arm-none-eabi/9.2.1/../../../arm-none-eabi/lib/thumb/v7-m/nofp/libnosys.a(lseek.o)
                                         0x24 (size before relaxing)
 .stab          0x000000000000006c       0x18 /usr/lib/gcc/arm-none-eabi/9.2.1/../../../arm-none-eabi/lib/thumb/v7-m/nofp/libnosys.a(read.o)
                                         0x24 (size before relaxing)
 .stab          0x0000000000000084       0x18 /usr/lib/gcc/arm-none-eabi/9.2.1/../../../arm-none-eabi/lib/thumb/v7-m/nofp/libnosys.a(write.o)
                                         0x24 (size before relaxing)

.stabstr        0x0000000000000000      0x14d
 .stabstr       0x0000000000000000      0x14d /usr/lib/gcc/arm-none-eabi/9.2.1/../../../arm-none-eabi/lib/thumb/v7-m/nofp/libnosys.a(close.o)

Cross Reference Table

Symbol                                            File
ADC_IRQHandler                                    build/startup_LPC17xx.o
BOD_IRQHandler                                    build/startup_LPC17xx.o
BusFault_Handler                                  build/startup_LPC17xx.o
CAN_IRQHandler                                    build/startup_LPC17xx.o
CLOCK                                             build/spi.o
CS                                                build/spi.o
DMA_IRQHandler                                    build/startup_LPC17xx.o
DebugMon_Handler                                  build/startup_LPC17xx.o
Default_Handler                                   build/startup_LPC17xx.o
EINT0_IRQHandler                                  build/startup_LPC17xx.o
EINT1_IRQHandler                                  build/startup_LPC17xx.o
EINT2_IRQHandler                                  build/startup_LPC17xx.o
EINT3_IRQHandler                                  build/startup_LPC17xx.o
ENET_IRQHandler                                   build/startup_LPC17xx.o
HardFault_Handler                                 build/startup_LPC17xx.o
I2C0_IRQHandler                                   build/startup_LPC17xx.o
I2C1_IRQHandler                                   build/startup_LPC17xx.o
I2C2_IRQHandler                                   build/startup_LPC17xx.o
I2S_IRQHandler                                    build/startup_LPC17xx.o
MCPWM_IRQHandler                                  build/startup_LPC17xx.o
MCP_P_0                                           build/main.o
MCP_P_15                                          build/main.o
MISO                                              build/spi.o
MOSI                                              build/spi.o
MemManage_Handler                                 build/startup_LPC17xx.o
NMI_Handler                                       build/startup_LPC17xx.o
PLL0_IRQHandler                                   build/startup_LPC17xx.o
PLL1_IRQHandler                                   build/startup_LPC17xx.o
PWM1_IRQHandler                                   build/startup_LPC17xx.o
PendSV_Handler                                    build/startup_LPC17xx.o
QEI_IRQHandler                                    build/startup_LPC17xx.o
RIT_IRQHandler                                    build/timer.o
                                                  build/startup_LPC17xx.o
RTC_IRQHandler                                    build/startup_LPC17xx.o
Reset_Handler                                     build/startup_LPC17xx.o
SPI_IRQHandler                                    build/startup_LPC17xx.o
SSP0_IRQHandler                                   build/startup_LPC17xx.o
SSP1_IRQHandler                                   build/startup_LPC17xx.o
SVC_Handler                                       build/startup_LPC17xx.o
SysTick_Handler                                   build/delay.o
                                                  build/startup_LPC17xx.o
SystemCoreClock                                   build/system_LPC17xx.o
                                                  build/delay.o
SystemCoreClockUpdate                             build/system_LPC17xx.o
SystemInit                                        build/system_LPC17xx.o
TIMER0_IRQHandler                                 build/startup_LPC17xx.o
TIMER1_IRQHandler                                 build/startup_LPC17xx.o
TIMER2_IRQHandler                                 build/startup_LPC17xx.o
TIMER3_IRQHandler                                 build/startup_LPC17xx.o
UART0_IRQHandler                                  build/startup_LPC17xx.o
UART1_IRQHandler                                  build/startup_LPC17xx.o
UART2_IRQHandler                                  build/startup_LPC17xx.o
UART3_IRQHandler                                  build/startup_LPC17xx.o
USB_IRQHandler                                    build/startup_LPC17xx.o
UsageFault_Handler                                build/startup_LPC17xx.o
WDT_IRQHandler                                    build/startup_LPC17xx.o
_ITM_deregisterTMCloneTable                       /usr/lib/gcc/arm-none-eabi/9.2.1/thumb/v7-m/nofp/crtbegin.o
_ITM_registerTMCloneTable                         /usr/lib/gcc/arm-none-eabi/9.2.1/thumb/v7-m/nofp/crtbegin.o
__TMC_END__                                       /usr/lib/gcc/arm-none-eabi/9.2.1/thumb/v7-m/nofp/crtend.o
                                                  /usr/lib/gcc/arm-none-eabi/9.2.1/thumb/v7-m/nofp/crtbegin.o
__aeabi_idiv0                                     /usr/lib/gcc/arm-none-eabi/9.2.1/thumb/v7-m/nofp/libgcc.a(_dvmd_tls.o)
__aeabi_ldiv0                                     /usr/lib/gcc/arm-none-eabi/9.2.1/thumb/v7-m/nofp/libgcc.a(_dvmd_tls.o)
                                                  /usr/lib/gcc/arm-none-eabi/9.2.1/thumb/v7-m/nofp/libgcc.a(_aeabi_uldivmod.o)
__aeabi_uldivmod                                  /usr/lib/gcc/arm-none-eabi/9.2.1/thumb/v7-m/nofp/libgcc.a(_aeabi_uldivmod.o)
                                                  build/system_LPC17xx.o
__bss_end__                                       build/startup_LPC17xx.o
                                                  /usr/lib/gcc/arm-none-eabi/9.2.1/../../../arm-none-eabi/lib/thumb/v7-m/nofp/crt0.o
__bss_start__                                     build/startup_LPC17xx.o
                                                  /usr/lib/gcc/arm-none-eabi/9.2.1/../../../arm-none-eabi/lib/thumb/v7-m/nofp/crt0.o
__call_exitprocs                                  /usr/lib/gcc/arm-none-eabi/9.2.1/../../../arm-none-eabi/lib/thumb/v7-m/nofp/libc.a(lib_a-__call_atexit.o)
                                                  /usr/lib/gcc/arm-none-eabi/9.2.1/../../../arm-none-eabi/lib/thumb/v7-m/nofp/libc.a(lib_a-exit.o)
__data_end__                                      build/startup_LPC17xx.o
__data_start__                                    build/startup_LPC17xx.o
__deregister_frame_info                           /usr/lib/gcc/arm-none-eabi/9.2.1/thumb/v7-m/nofp/crtbegin.o
__dso_handle                                      /usr/lib/gcc/arm-none-eabi/9.2.1/thumb/v7-m/nofp/crtbegin.o